Archive member included to satisfy reference by file (symbol)

C:/ST/STM32CubeIDE_1.13.2/STM32CubeIDE/plugins/com.st.stm32cube.ide.mcu.externaltools.gnu-tools-for-stm32.11.3.rel1.win32_1.1.1.202309131626/tools/bin/../lib/gcc/arm-none-eabi/11.3.1/../../../../arm-none-eabi/lib/thumb/v7e-m+fp/hard\libc_nano.a(libc_a-exit.o)
                              C:/ST/STM32CubeIDE_1.13.2/STM32CubeIDE/plugins/com.st.stm32cube.ide.mcu.externaltools.gnu-tools-for-stm32.11.3.rel1.win32_1.1.1.202309131626/tools/bin/../lib/gcc/arm-none-eabi/11.3.1/../../../../arm-none-eabi/lib/thumb/v7e-m+fp/hard/crt0.o (exit)
C:/ST/STM32CubeIDE_1.13.2/STM32CubeIDE/plugins/com.st.stm32cube.ide.mcu.externaltools.gnu-tools-for-stm32.11.3.rel1.win32_1.1.1.202309131626/tools/bin/../lib/gcc/arm-none-eabi/11.3.1/../../../../arm-none-eabi/lib/thumb/v7e-m+fp/hard\libc_nano.a(libc_a-findfp.o)
                              ./Middlewares/Third_Party/FreeRTOS/Source/tasks.o (__sf)
C:/ST/STM32CubeIDE_1.13.2/STM32CubeIDE/plugins/com.st.stm32cube.ide.mcu.externaltools.gnu-tools-for-stm32.11.3.rel1.win32_1.1.1.202309131626/tools/bin/../lib/gcc/arm-none-eabi/11.3.1/../../../../arm-none-eabi/lib/thumb/v7e-m+fp/hard\libc_nano.a(libc_a-fwalk.o)
                              C:/ST/STM32CubeIDE_1.13.2/STM32CubeIDE/plugins/com.st.stm32cube.ide.mcu.externaltools.gnu-tools-for-stm32.11.3.rel1.win32_1.1.1.202309131626/tools/bin/../lib/gcc/arm-none-eabi/11.3.1/../../../../arm-none-eabi/lib/thumb/v7e-m+fp/hard\libc_nano.a(libc_a-findfp.o) (_fwalk_sglue)
C:/ST/STM32CubeIDE_1.13.2/STM32CubeIDE/plugins/com.st.stm32cube.ide.mcu.externaltools.gnu-tools-for-stm32.11.3.rel1.win32_1.1.1.202309131626/tools/bin/../lib/gcc/arm-none-eabi/11.3.1/../../../../arm-none-eabi/lib/thumb/v7e-m+fp/hard\libc_nano.a(libc_a-sprintf.o)
                              ./Core/Src/APP_UDS_Diag.o (sprintf)
C:/ST/STM32CubeIDE_1.13.2/STM32CubeIDE/plugins/com.st.stm32cube.ide.mcu.externaltools.gnu-tools-for-stm32.11.3.rel1.win32_1.1.1.202309131626/tools/bin/../lib/gcc/arm-none-eabi/11.3.1/../../../../arm-none-eabi/lib/thumb/v7e-m+fp/hard\libc_nano.a(libc_a-stdio.o)
                              C:/ST/STM32CubeIDE_1.13.2/STM32CubeIDE/plugins/com.st.stm32cube.ide.mcu.externaltools.gnu-tools-for-stm32.11.3.rel1.win32_1.1.1.202309131626/tools/bin/../lib/gcc/arm-none-eabi/11.3.1/../../../../arm-none-eabi/lib/thumb/v7e-m+fp/hard\libc_nano.a(libc_a-findfp.o) (__sread)
C:/ST/STM32CubeIDE_1.13.2/STM32CubeIDE/plugins/com.st.stm32cube.ide.mcu.externaltools.gnu-tools-for-stm32.11.3.rel1.win32_1.1.1.202309131626/tools/bin/../lib/gcc/arm-none-eabi/11.3.1/../../../../arm-none-eabi/lib/thumb/v7e-m+fp/hard\libc_nano.a(libc_a-memset.o)
                              C:/ST/STM32CubeIDE_1.13.2/STM32CubeIDE/plugins/com.st.stm32cube.ide.mcu.externaltools.gnu-tools-for-stm32.11.3.rel1.win32_1.1.1.202309131626/tools/bin/../lib/gcc/arm-none-eabi/11.3.1/../../../../arm-none-eabi/lib/thumb/v7e-m+fp/hard/crt0.o (memset)
C:/ST/STM32CubeIDE_1.13.2/STM32CubeIDE/plugins/com.st.stm32cube.ide.mcu.externaltools.gnu-tools-for-stm32.11.3.rel1.win32_1.1.1.202309131626/tools/bin/../lib/gcc/arm-none-eabi/11.3.1/../../../../arm-none-eabi/lib/thumb/v7e-m+fp/hard\libc_nano.a(libc_a-closer.o)
                              C:/ST/STM32CubeIDE_1.13.2/STM32CubeIDE/plugins/com.st.stm32cube.ide.mcu.externaltools.gnu-tools-for-stm32.11.3.rel1.win32_1.1.1.202309131626/tools/bin/../lib/gcc/arm-none-eabi/11.3.1/../../../../arm-none-eabi/lib/thumb/v7e-m+fp/hard\libc_nano.a(libc_a-stdio.o) (_close_r)
C:/ST/STM32CubeIDE_1.13.2/STM32CubeIDE/plugins/com.st.stm32cube.ide.mcu.externaltools.gnu-tools-for-stm32.11.3.rel1.win32_1.1.1.202309131626/tools/bin/../lib/gcc/arm-none-eabi/11.3.1/../../../../arm-none-eabi/lib/thumb/v7e-m+fp/hard\libc_nano.a(libc_a-reent.o)
                              ./Middlewares/Third_Party/FreeRTOS/Source/tasks.o (_reclaim_reent)
C:/ST/STM32CubeIDE_1.13.2/STM32CubeIDE/plugins/com.st.stm32cube.ide.mcu.externaltools.gnu-tools-for-stm32.11.3.rel1.win32_1.1.1.202309131626/tools/bin/../lib/gcc/arm-none-eabi/11.3.1/../../../../arm-none-eabi/lib/thumb/v7e-m+fp/hard\libc_nano.a(libc_a-impure.o)
                              ./Middlewares/Third_Party/FreeRTOS/Source/tasks.o (_impure_ptr)
C:/ST/STM32CubeIDE_1.13.2/STM32CubeIDE/plugins/com.st.stm32cube.ide.mcu.externaltools.gnu-tools-for-stm32.11.3.rel1.win32_1.1.1.202309131626/tools/bin/../lib/gcc/arm-none-eabi/11.3.1/../../../../arm-none-eabi/lib/thumb/v7e-m+fp/hard\libc_nano.a(libc_a-lseekr.o)
                              C:/ST/STM32CubeIDE_1.13.2/STM32CubeIDE/plugins/com.st.stm32cube.ide.mcu.externaltools.gnu-tools-for-stm32.11.3.rel1.win32_1.1.1.202309131626/tools/bin/../lib/gcc/arm-none-eabi/11.3.1/../../../../arm-none-eabi/lib/thumb/v7e-m+fp/hard\libc_nano.a(libc_a-stdio.o) (_lseek_r)
[...]
Memory Configuration

Name             Origin             Length             Attributes
RAM              0x0000000020000000 0x0000000000020000 xrw
FLASH            0x0000000008000000 0x0000000000080000 xr
*default*        0x0000000000000000 0xffffffffffffffff

Linker script and memory map

LOAD C:/ST/STM32CubeIDE_1.13.2/STM32CubeIDE/plugins/com.st.stm32cube.ide.mcu.externaltools.gnu-tools-for-stm32.11.3.rel1.win32_1.1.1.202309131626/tools/bin/../lib/gcc/arm-none-eabi/11.3.1/thumb/v7e-m+fp/hard/crti.o
LOAD C:/ST/STM32CubeIDE_1.13.2/STM32CubeIDE/plugins/com.st.stm32cube.ide.mcu.externaltools.gnu-tools-for-stm32.11.3.rel1.win32_1.1.1.202309131626/tools/bin/../lib/gcc/arm-none-eabi/11.3.1/thumb/v7e-m+fp/hard/crtbegin.o
LOAD C:/ST/STM32CubeIDE_1.13.2/STM32CubeIDE/plugins/com.st.stm32cube.ide.mcu.externaltools.gnu-tools-for-stm32.11.3.rel1.win32_1.1.1.202309131626/tools/bin/../lib/gcc/arm-none-eabi/11.3.1/../../../../arm-none-eabi/lib/thumb/v7e-m+fp/hard/crt0.o
LOAD ./Core/Src/APP_UDS_Diag.o
LOAD ./Core/Src/CanIf.o
LOAD ./Core/Src/CanNm.o
LOAD ./Core/Src/CanTp.o
LOAD ./Core/Src/can.o
LOAD ./Core/Src/freertos.o
LOAD ./Core/Src/gpio.o
LOAD ./Core/Src/main.o
LOAD ./Core/Src/stm32f4xx_hal_msp.o
LOAD ./Core/Src/stm32f4xx_hal_timebase_tim.o
LOAD ./Core/Src/stm32f4xx_it.o
LOAD ./Core/Src/syscalls.o
LOAD ./Core/Src/sysmem.o
LOAD ./Core/Src/system_stm32f4xx.o
LOAD ./Core/Src/tim.o
LOAD ./Core/Src/usart.o
LOAD ./Core/Startup/startup_stm32f446retx.o
LOAD ./Drivers/STM32F4xx_HAL_Driver/Src/stm32f4xx_hal.o
LOAD ./Drivers/STM32F4xx_HAL_Driver/Src/stm32f4xx_hal_can.o
LOAD ./Drivers/STM32F4xx_HAL_Driver/Src/stm32f4xx_hal_cortex.o
LOAD ./Drivers/STM32F4xx_HAL_Driver/Src/stm32f4xx_hal_dma.o
LOAD ./Drivers/STM32F4xx_HAL_Driver/Src/stm32f4xx_hal_dma_ex.o
LOAD ./Drivers/STM32F4xx_HAL_Driver/Src/stm32f4xx_hal_exti.o
LOAD ./Drivers/STM32F4xx_HAL_Driver/Src/stm32f4xx_hal_flash.o
LOAD ./Drivers/STM32F4xx_HAL_Driver/Src/stm32f4xx_hal_flash_ex.o
LOAD ./Drivers/STM32F4xx_HAL_Driver/Src/stm32f4xx_hal_flash_ramfunc.o
LOAD ./Drivers/STM32F4xx_HAL_Driver/Src/stm32f4xx_hal_gpio.o
LOAD ./Drivers/STM32F4xx_HAL_Driver/Src/stm32f4xx_hal_pwr.o
LOAD ./Drivers/STM32F4xx_HAL_Driver/Src/stm32f4xx_hal_pwr_ex.o
LOAD ./Drivers/STM32F4xx_HAL_Driver/Src/stm32f4xx_hal_rcc.o
LOAD ./Drivers/STM32F4xx_HAL_Driver/Src/stm32f4xx_hal_rcc_ex.o
LOAD ./Drivers/STM32F4xx_HAL_Driver/Src/stm32f4xx_hal_tim.o
LOAD ./Drivers/STM32F4xx_HAL_Driver/Src/stm32f4xx_hal_tim_ex.o
LOAD ./Drivers/STM32F4xx_HAL_Driver/Src/stm32f4xx_hal_uart.o
LOAD ./Middlewares/Third_Party/FreeRTOS/Source/CMSIS_RTOS/cmsis_os.o
LOAD ./Middlewares/Third_Party/FreeRTOS/Source/croutine.o
LOAD ./Middlewares/Third_Party/FreeRTOS/Source/event_groups.o
LOAD ./Middlewares/Third_Party/FreeRTOS/Source/list.o
LOAD ./Middlewares/Third_Party/FreeRTOS/Source/queue.o
LOAD ./Middlewares/Third_Party/FreeRTOS/Source/stream_buffer.o
LOAD ./Middlewares/Third_Party/FreeRTOS/Source/tasks.o
LOAD ./Middlewares/Third_Party/FreeRTOS/Source/timers.o
LOAD ./Middlewares/Third_Party/FreeRTOS/Source/portable/GCC/ARM_CM4F/port.o
LOAD ./Middlewares/Third_Party/FreeRTOS/Source/portable/MemMang/heap_4.o
START GROUP
LOAD C:/ST/STM32CubeIDE_1.13.2/STM32CubeIDE/plugins/com.st.stm32cube.ide.mcu.externaltools.gnu-tools-for-stm32.11.3.rel1.win32_1.1.1.202309131626/tools/bin/../lib/gcc/arm-none-eabi/11.3.1/../../../../arm-none-eabi/lib/thumb/v7e-m+fp/hard\libc_nano.a
LOAD C:/ST/STM32CubeIDE_1.13.2/STM32CubeIDE/plugins/com.st.stm32cube.ide.mcu.externaltools.gnu-tools-for-stm32.11.3.rel1.win32_1.1.1.202309131626/tools/bin/../lib/gcc/arm-none-eabi/11.3.1/../../../../arm-none-eabi/lib/thumb/v7e-m+fp/hard\libm.a
END GROUP
START GROUP
LOAD C:/ST/STM32CubeIDE_1.13.2/STM32CubeIDE/plugins/com.st.stm32cube.ide.mcu.externaltools.gnu-tools-for-stm32.11.3.rel1.win32_1.1.1.202309131626/tools/bin/../lib/gcc/arm-none-eabi/11.3.1/thumb/v7e-m+fp/hard\libgcc.a
LOAD C:/ST/STM32CubeIDE_1.13.2/STM32CubeIDE/plugins/com.st.stm32cube.ide.mcu.externaltools.gnu-tools-for-stm32.11.3.rel1.win32_1.1.1.202309131626/tools/bin/../lib/gcc/arm-none-eabi/11.3.1/../../../../arm-none-eabi/lib/thumb/v7e-m+fp/hard\libc_nano.a
END GROUP
START GROUP
LOAD C:/ST/STM32CubeIDE_1.13.2/STM32CubeIDE/plugins/com.st.stm32cube.ide.mcu.externaltools.gnu-tools-for-stm32.11.3.rel1.win32_1.1.1.202309131626/tools/bin/../lib/gcc/arm-none-eabi/11.3.1/thumb/v7e-m+fp/hard\libgcc.a
LOAD C:/ST/STM32CubeIDE_1.13.2/STM32CubeIDE/plugins/com.st.stm32cube.ide.mcu.externaltools.gnu-tools-for-stm32.11.3.rel1.win32_1.1.1.202309131626/tools/bin/../lib/gcc/arm-none-eabi/11.3.1/../../../../arm-none-eabi/lib/thumb/v7e-m+fp/hard\libc_nano.a
LOAD C:/ST/STM32CubeIDE_1.13.2/STM32CubeIDE/plugins/com.st.stm32cube.ide.mcu.externaltools.gnu-tools-for-stm32.11.3.rel1.win32_1.1.1.202309131626/tools/bin/../lib/gcc/arm-none-eabi/11.3.1/../../../../arm-none-eabi/lib/thumb/v7e-m+fp/hard\libnosys.a
END GROUP
START GROUP
LOAD C:/ST/STM32CubeIDE_1.13.2/STM32CubeIDE/plugins/com.st.stm32cube.ide.mcu.externaltools.gnu-tools-for-stm32.11.3.rel1.win32_1.1.1.202309131626/tools/bin/../lib/gcc/arm-none-eabi/11.3.1/thumb/v7e-m+fp/hard\libgcc.a
LOAD C:/ST/STM32CubeIDE_1.13.2/STM32CubeIDE/plugins/com.st.stm32cube.ide.mcu.externaltools.gnu-tools-for-stm32.11.3.rel1.win32_1.1.1.202309131626/tools/bin/../lib/gcc/arm-none-eabi/11.3.1/../../../../arm-none-eabi/lib/thumb/v7e-m+fp/hard\libc_nano.a
LOAD C:/ST/STM32CubeIDE_1.13.2/STM32CubeIDE/plugins/com.st.stm32cube.ide.mcu.externaltools.gnu-tools-for-stm32.11.3.rel1.win32_1.1.1.202309131626/tools/bin/../lib/gcc/arm-none-eabi/11.3.1/../../../../arm-none-eabi/lib/thumb/v7e-m+fp/hard\libnosys.a
END GROUP
LOAD C:/ST/STM32CubeIDE_1.13.2/STM32CubeIDE/plugins/com.st.stm32cube.ide.mcu.externaltools.gnu-tools-for-stm32.11.3.rel1.win32_1.1.1.202309131626/tools/bin/../lib/gcc/arm-none-eabi/11.3.1/thumb/v7e-m+fp/hard/crtend.o
LOAD C:/ST/STM32CubeIDE_1.13.2/STM32CubeIDE/plugins/com.st.stm32cube.ide.mcu.externaltools.gnu-tools-for-stm32.11.3.rel1.win32_1.1.1.202309131626/tools/bin/../lib/gcc/arm-none-eabi/11.3.1/thumb/v7e-m+fp/hard/crtn.o
                0x0000000020020000                _estack = (ORIGIN (RAM) + LENGTH (RAM))
                0x0000000000000200                _Min_Heap_Size = 0x200
                0x0000000000000400                _Min_Stack_Size = 0x400

.isr_vector     0x0000000008000000      0x1c4
                0x0000000008000000                . = ALIGN (0x4)
 *(.isr_vector)
 .isr_vector    0x0000000008000000      0x1c4 ./Core/Startup/startup_stm32f446retx.o
                0x0000000008000000                g_pfnVectors
                0x00000000080001c4                . = ALIGN (0x4)

.text           0x00000000080001d0     0x797c
                0x00000000080001d0                . = ALIGN (0x4)
 *(.text)
 .text          0x00000000080001d0       0x40 C:/ST/STM32CubeIDE_1.13.2/STM32CubeIDE/plugins/com.st.stm32cube.ide.mcu.externaltools.gnu-tools-for-stm32.11.3.rel1.win32_1.1.1.202309131626/tools/bin/../lib/gcc/arm-none-eabi/11.3.1/thumb/v7e-m+fp/hard/crtbegin.o
 .text          0x0000000008000210       0x30 C:/ST/STM32CubeIDE_1.13.2/STM32CubeIDE/plugins/com.st.stm32cube.ide.mcu.externaltools.gnu-tools-for-stm32.11.3.rel1.win32_1.1.1.202309131626/tools/bin/../lib/gcc/arm-none-eabi/11.3.1/thumb/v7e-m+fp/hard\libgcc.a(_aeabi_uldivmod.o)
                0x0000000008000210                __aeabi_uldivmod
 .text          0x0000000008000240      0x2c8 C:/ST/STM32CubeIDE_1.13.2/STM32CubeIDE/plugins/com.st.stm32cube.ide.mcu.externaltools.gnu-tools-for-stm32.11.3.rel1.win32_1.1.1.202309131626/tools/bin/../lib/gcc/arm-none-eabi/11.3.1/thumb/v7e-m+fp/hard\libgcc.a(_udivmoddi4.o)
                0x0000000008000240                __udivmoddi4
 .text          0x0000000008000508        0x4 C:/ST/STM32CubeIDE_1.13.2/STM32CubeIDE/plugins/com.st.stm32cube.ide.mcu.externaltools.gnu-tools-for-stm32.11.3.rel1.win32_1.1.1.202309131626/tools/bin/../lib/gcc/arm-none-eabi/11.3.1/thumb/v7e-m+fp/hard\libgcc.a(_dvmd_tls.o)
                0x0000000008000508                __aeabi_idiv0
                0x0000000008000508                __aeabi_ldiv0
 *(.text*)
 .text.UDS_Write_Data_Server
                0x000000000800050c      0x124 ./Core/Src/APP_UDS_Diag.o
                0x000000000800050c                UDS_Write_Data_Server
 .text.UDS_Send_Pos_Res
                0x0000000008000630       0xec ./Core/Src/APP_UDS_Diag.o
                0x0000000008000630                UDS_Send_Pos_Res
 .text.UDS_Send_Neg_Res
                0x000000000800071c       0x48 ./Core/Src/APP_UDS_Diag.o
                0x000000000800071c                UDS_Send_Neg_Res
 .text.UDS_Tester_Presenter_Server
                0x0000000008000764       0x3c ./Core/Src/APP_UDS_Diag.o
                0x0000000008000764                UDS_Tester_Presenter_Server
 .text.reset_timer
                0x00000000080007a0       0x1c ./Core/Src/APP_UDS_Diag.o
                0x00000000080007a0                reset_timer
 .text.stop_timer
                0x00000000080007bc       0x16 ./Core/Src/APP_UDS_Diag.o
                0x00000000080007bc                stop_timer
 *fill*         0x00000000080007d2        0x2 
 .text.start_timer
                0x00000000080007d4       0x14 ./Core/Src/APP_UDS_Diag.o
                0x00000000080007d4                start_timer
 .text.UDS_Control_Session_Server
                0x00000000080007e8       0x90 ./Core/Src/APP_UDS_Diag.o
                0x00000000080007e8                UDS_Control_Session_Server
 .text.Sec_u32GetSeed
                0x0000000008000878       0x18 ./Core/Src/APP_UDS_Diag.o
                0x0000000008000878                Sec_u32GetSeed
 .text.Sec_u32GetAlgorithm
                0x0000000008000890       0x10 ./Core/Src/APP_UDS_Diag.o
                0x0000000008000890                Sec_u32GetAlgorithm
 .text.Sec_u32GetKey
                0x00000000080008a0       0x28 ./Core/Src/APP_UDS_Diag.o
                0x00000000080008a0                Sec_u32GetKey
 .text.Sec_uint32SecurityAccess
                0x00000000080008c8      0x124 ./Core/Src/APP_UDS_Diag.o
                0x00000000080008c8                Sec_uint32SecurityAccess
 .text.UDS_Read_Data_Server
                0x00000000080009ec      0x140 ./Core/Src/APP_UDS_Diag.o
                0x00000000080009ec                UDS_Read_Data_Server
 .text.server_call_back
                0x0000000008000b2c      0x1e4 ./Core/Src/APP_UDS_Diag.o
                0x0000000008000b2c                server_call_back
 .text.HAL_CAN_RxFifo0MsgPendingCallback
                0x0000000008000d10       0x38 ./Core/Src/CanIf.o
                0x0000000008000d10                HAL_CAN_RxFifo0MsgPendingCallback
 .text.CanIf_Transmit
                0x0000000008000d48       0x84 ./Core/Src/CanIf.o
                0x0000000008000d48                CanIf_Transmit
 .text.CanIf_Receive
                0x0000000008000dcc       0xf4 ./Core/Src/CanIf.o
                0x0000000008000dcc                CanIf_Receive
 .text.CanIf_setCallback
                0x0000000008000ec0       0x24 ./Core/Src/CanIf.o
                0x0000000008000ec0                CanIf_setCallback
 .text.CanIf_setNmTxCallback
                0x0000000008000ee4       0x24 ./Core/Src/CanIf.o
                0x0000000008000ee4                CanIf_setNmTxCallback
 .text.CanIf_setNmRxCallback
                0x0000000008000f08       0x24 ./Core/Src/CanIf.o
                0x0000000008000f08                CanIf_setNmRxCallback
 .text.CanNm_Sleep
                0x0000000008000f2c       0xd0 ./Core/Src/CanNm.o
                0x0000000008000f2c                CanNm_Sleep
 .text.CanNm_Init
                0x0000000008000ffc       0x48 ./Core/Src/CanNm.o
                0x0000000008000ffc                CanNm_Init
 .text.CanNm_MainFunction
                0x0000000008001044      0x3b4 ./Core/Src/CanNm.o
                0x0000000008001044                CanNm_MainFunction
 .text.CanNm_RxIndication
                0x00000000080013f8       0x30 ./Core/Src/CanNm.o
                0x00000000080013f8                CanNm_RxIndication
 .text.CanNm_NetworkRelease
                0x0000000008001428       0x38 ./Core/Src/CanNm.o
                0x0000000008001428                CanNm_NetworkRelease
 .text.CanNm_TimeOut
                0x0000000008001460       0x5c ./Core/Src/CanNm.o
                0x0000000008001460                CanNm_TimeOut
 .text.CanNm_TxConfirmation
                0x00000000080014bc       0x1c ./Core/Src/CanNm.o
                0x00000000080014bc                CanNm_TxConfirmation
 .text.CanNm_Transmit
                0x00000000080014d8       0x44 ./Core/Src/CanNm.o
                0x00000000080014d8                CanNm_Transmit
 .text.CanTp_Init
                0x000000000800151c       0x14 ./Core/Src/CanTp.o
                0x000000000800151c                CanTp_Init
 .text.CanTp_MainFunction
                0x0000000008001530      0x274 ./Core/Src/CanTp.o
                0x0000000008001530                CanTp_MainFunction
 .text.CanTp_Transmit
                0x00000000080017a4       0x38 ./Core/Src/CanTp.o
                0x00000000080017a4                CanTp_Transmit
 .text.CanTp_RxIndication
                0x00000000080017dc       0x38 ./Core/Src/CanTp.o
                0x00000000080017dc                CanTp_RxIndication
 .text.CanTp_GetFrameType
                0x0000000008001814       0x28 ./Core/Src/CanTp.o
                0x0000000008001814                CanTp_GetFrameType
 .text.CanTp_setCallback
                0x000000000800183c       0x24 ./Core/Src/CanTp.o
                0x000000000800183c                CanTp_setCallback
 .text.CanTp_encodeSingleFrame
                0x0000000008001860       0x94 ./Core/Src/CanTp.o
                0x0000000008001860                CanTp_encodeSingleFrame
 .text.CanTp_encodeFirstFrame
                0x00000000080018f4       0x80 ./Core/Src/CanTp.o
                0x00000000080018f4                CanTp_encodeFirstFrame
 .text.CanTp_encodeConsecutiveFrame
                0x0000000008001974       0xcc ./Core/Src/CanTp.o
                0x0000000008001974                CanTp_encodeConsecutiveFrame
 .text.CanTp_encodeFlowControlFrame
                0x0000000008001a40       0x68 ./Core/Src/CanTp.o
                0x0000000008001a40                CanTp_encodeFlowControlFrame
 .text.CanTp_decodeSingleFrame
                0x0000000008001aa8       0x6c ./Core/Src/CanTp.o
                0x0000000008001aa8                CanTp_decodeSingleFrame
 .text.CanTp_decodeFirstFrame
                0x0000000008001b14       0x70 ./Core/Src/CanTp.o
                0x0000000008001b14                CanTp_decodeFirstFrame
 .text.CanTp_decodeConsecutiveFrame
                0x0000000008001b84       0xa0 ./Core/Src/CanTp.o
                0x0000000008001b84                CanTp_decodeConsecutiveFrame
 .text.CanTp_decodeFlowControlFrame
                0x0000000008001c24       0x74 ./Core/Src/CanTp.o
                0x0000000008001c24                CanTp_decodeFlowControlFrame
 .text.CanTp_ConnectData
                0x0000000008001c98       0x74 ./Core/Src/CanTp.o
                0x0000000008001c98                CanTp_ConnectData
 .text.MX_CAN1_Init
                0x0000000008001d0c       0xa8 ./Core/Src/can.o
                0x0000000008001d0c                MX_CAN1_Init
 .text.HAL_CAN_MspInit
                0x0000000008001db4       0xb0 ./Core/Src/can.o
                0x0000000008001db4                HAL_CAN_MspInit
 .text.vApplicationGetIdleTaskMemory
                0x0000000008001e64       0x34 ./Core/Src/freertos.o
                0x0000000008001e64                vApplicationGetIdleTaskMemory
 .text.MX_FREERTOS_Init
                0x0000000008001e98       0x38 ./Core/Src/freertos.o
                0x0000000008001e98                MX_FREERTOS_Init
 .text.StartDefaultTask
                0x0000000008001ed0       0x10 ./Core/Src/freertos.o
                0x0000000008001ed0                StartDefaultTask
 .text.MX_GPIO_Init
                0x0000000008001ee0       0xec ./Core/Src/gpio.o
                0x0000000008001ee0                MX_GPIO_Init
 .text.main     0x0000000008001fcc       0xb8 ./Core/Src/main.o
                0x0000000008001fcc                main
 .text.SystemClock_Config
                0x0000000008002084       0xdc ./Core/Src/main.o
                0x0000000008002084                SystemClock_Config
 .text.HAL_GPIO_EXTI_Callback
                0x0000000008002160       0x3c ./Core/Src/main.o
                0x0000000008002160                HAL_GPIO_EXTI_Callback
 .text.HAL_TIM_PeriodElapsedCallback
                0x000000000800219c      0x150 ./Core/Src/main.o
                0x000000000800219c                HAL_TIM_PeriodElapsedCallback
 .text.Error_Handler
                0x00000000080022ec        0xa ./Core/Src/main.o
                0x00000000080022ec                Error_Handler
 *fill*         0x00000000080022f6        0x2 
 .text.HAL_MspInit
                0x00000000080022f8       0x58 ./Core/Src/stm32f4xx_hal_msp.o
                0x00000000080022f8                HAL_MspInit
 .text.HAL_InitTick
                0x0000000008002350       0xe4 ./Core/Src/stm32f4xx_hal_timebase_tim.o
                0x0000000008002350                HAL_InitTick
 .text.NMI_Handler
                0x0000000008002434        0x6 ./Core/Src/stm32f4xx_it.o
                0x0000000008002434                NMI_Handler
 .text.HardFault_Handler
                0x000000000800243a        0x6 ./Core/Src/stm32f4xx_it.o
                0x000000000800243a                HardFault_Handler
 .text.MemManage_Handler
                0x0000000008002440        0x6 ./Core/Src/stm32f4xx_it.o
                0x0000000008002440                MemManage_Handler
 .text.BusFault_Handler
                0x0000000008002446        0x6 ./Core/Src/stm32f4xx_it.o
                0x0000000008002446                BusFault_Handler
 .text.UsageFault_Handler
                0x000000000800244c        0x6 ./Core/Src/stm32f4xx_it.o
                0x000000000800244c                UsageFault_Handler
 .text.DebugMon_Handler
                0x0000000008002452        0xe ./Core/Src/stm32f4xx_it.o
                0x0000000008002452                DebugMon_Handler
 .text.CAN1_RX0_IRQHandler
                0x0000000008002460       0x14 ./Core/Src/stm32f4xx_it.o
                0x0000000008002460                CAN1_RX0_IRQHandler
 .text.CAN1_RX1_IRQHandler
                0x0000000008002474       0x14 ./Core/Src/stm32f4xx_it.o
                0x0000000008002474                CAN1_RX1_IRQHandler
 .text.TIM1_UP_TIM10_IRQHandler
                0x0000000008002488       0x14 ./Core/Src/stm32f4xx_it.o
                0x0000000008002488                TIM1_UP_TIM10_IRQHandler
 .text.TIM2_IRQHandler
                0x000000000800249c       0x14 ./Core/Src/stm32f4xx_it.o
                0x000000000800249c                TIM2_IRQHandler
 .text.TIM3_IRQHandler
                0x00000000080024b0       0x14 ./Core/Src/stm32f4xx_it.o
                0x00000000080024b0                TIM3_IRQHandler
 .text.TIM4_IRQHandler
                0x00000000080024c4       0x14 ./Core/Src/stm32f4xx_it.o
                0x00000000080024c4                TIM4_IRQHandler
 .text.USART2_IRQHandler
                0x00000000080024d8       0x14 ./Core/Src/stm32f4xx_it.o
                0x00000000080024d8                USART2_IRQHandler
 .text.EXTI15_10_IRQHandler
                0x00000000080024ec       0x10 ./Core/Src/stm32f4xx_it.o
                0x00000000080024ec                EXTI15_10_IRQHandler
 .text.TIM6_DAC_IRQHandler
                0x00000000080024fc       0x14 ./Core/Src/stm32f4xx_it.o
                0x00000000080024fc                TIM6_DAC_IRQHandler
 .text.TIM7_IRQHandler
                0x0000000008002510       0x14 ./Core/Src/stm32f4xx_it.o
                0x0000000008002510                TIM7_IRQHandler
 .text.SystemInit
                0x0000000008002524       0x24 ./Core/Src/system_stm32f4xx.o
                0x0000000008002524                SystemInit
 .text.MX_TIM2_Init
                0x0000000008002548       0x9c ./Core/Src/tim.o
                0x0000000008002548                MX_TIM2_Init
 .text.MX_TIM3_Init
                0x00000000080025e4       0x9c ./Core/Src/tim.o
                0x00000000080025e4                MX_TIM3_Init
 .text.MX_TIM4_Init
                0x0000000008002680       0x9c ./Core/Src/tim.o
                0x0000000008002680                MX_TIM4_Init
 .text.MX_TIM6_Init
                0x000000000800271c       0x6c ./Core/Src/tim.o
                0x000000000800271c                MX_TIM6_Init
 .text.MX_TIM7_Init
                0x0000000008002788       0x6c ./Core/Src/tim.o
                0x0000000008002788                MX_TIM7_Init
 .text.HAL_TIM_Base_MspInit
                0x00000000080027f4      0x13c ./Core/Src/tim.o
                0x00000000080027f4                HAL_TIM_Base_MspInit
 .text.MX_USART2_UART_Init
                0x0000000008002930       0x54 ./Core/Src/usart.o
                0x0000000008002930                MX_USART2_UART_Init
 .text.HAL_UART_MspInit
                0x0000000008002984       0xa0 ./Core/Src/usart.o
                0x0000000008002984                HAL_UART_MspInit
 .text.Reset_Handler
                0x0000000008002a24       0x50 ./Core/Startup/startup_stm32f446retx.o
                0x0000000008002a24                Reset_Handler
 .text.Default_Handler
                0x0000000008002a74        0x2 ./Core/Startup/startup_stm32f446retx.o
                0x0000000008002a74                RTC_Alarm_IRQHandler
                0x0000000008002a74                EXTI2_IRQHandler
                0x0000000008002a74                TIM8_CC_IRQHandler
                0x0000000008002a74                FMPI2C1_EV_IRQHandler
                0x0000000008002a74                SPI4_IRQHandler
                0x0000000008002a74                TIM1_CC_IRQHandler
                0x0000000008002a74                DMA2_Stream5_IRQHandler
                0x0000000008002a74                DMA1_Stream5_IRQHandler
                0x0000000008002a74                PVD_IRQHandler
                0x0000000008002a74                SDIO_IRQHandler
                0x0000000008002a74                TAMP_STAMP_IRQHandler
                0x0000000008002a74                CAN2_RX1_IRQHandler
                0x0000000008002a74                EXTI3_IRQHandler
                0x0000000008002a74                TIM8_TRG_COM_TIM14_IRQHandler
                0x0000000008002a74                TIM8_UP_TIM13_IRQHandler
                0x0000000008002a74                I2C3_ER_IRQHandler
                0x0000000008002a74                EXTI0_IRQHandler
                0x0000000008002a74                I2C2_EV_IRQHandler
                0x0000000008002a74                DMA1_Stream2_IRQHandler
                0x0000000008002a74                FPU_IRQHandler
                0x0000000008002a74                OTG_HS_WKUP_IRQHandler
                0x0000000008002a74                CAN2_SCE_IRQHandler
                0x0000000008002a74                DMA2_Stream2_IRQHandler
                0x0000000008002a74                SPI1_IRQHandler
                0x0000000008002a74                TIM1_BRK_TIM9_IRQHandler
                0x0000000008002a74                DCMI_IRQHandler
                0x0000000008002a74                CAN2_RX0_IRQHandler
                0x0000000008002a74                DMA2_Stream3_IRQHandler
                0x0000000008002a74                SAI2_IRQHandler
                0x0000000008002a74                USART6_IRQHandler
                0x0000000008002a74                USART3_IRQHandler
                0x0000000008002a74                UART5_IRQHandler
                0x0000000008002a74                DMA2_Stream0_IRQHandler
                0x0000000008002a74                QUADSPI_IRQHandler
                0x0000000008002a74                I2C1_EV_IRQHandler
                0x0000000008002a74                DMA1_Stream6_IRQHandler
                0x0000000008002a74                DMA1_Stream1_IRQHandler
                0x0000000008002a74                UART4_IRQHandler
                0x0000000008002a74                RCC_IRQHandler
                0x0000000008002a74                TIM8_BRK_TIM12_IRQHandler
                0x0000000008002a74                Default_Handler
                0x0000000008002a74                CEC_IRQHandler
                0x0000000008002a74                ADC_IRQHandler
                0x0000000008002a74                DMA1_Stream7_IRQHandler
                0x0000000008002a74                CAN2_TX_IRQHandler
                0x0000000008002a74                TIM5_IRQHandler
                0x0000000008002a74                DMA2_Stream7_IRQHandler
                0x0000000008002a74                I2C3_EV_IRQHandler
                0x0000000008002a74                EXTI9_5_IRQHandler
                0x0000000008002a74                RTC_WKUP_IRQHandler
                0x0000000008002a74                SPDIF_RX_IRQHandler
                0x0000000008002a74                SPI2_IRQHandler
                0x0000000008002a74                OTG_HS_EP1_IN_IRQHandler
                0x0000000008002a74                DMA1_Stream0_IRQHandler
                0x0000000008002a74                CAN1_TX_IRQHandler
                0x0000000008002a74                FMPI2C1_ER_IRQHandler
                0x0000000008002a74                EXTI4_IRQHandler
                0x0000000008002a74                OTG_HS_EP1_OUT_IRQHandler
                0x0000000008002a74                WWDG_IRQHandler
                0x0000000008002a74                OTG_FS_WKUP_IRQHandler
                0x0000000008002a74                TIM1_TRG_COM_TIM11_IRQHandler
                0x0000000008002a74                OTG_HS_IRQHandler
                0x0000000008002a74                EXTI1_IRQHandler
                0x0000000008002a74                I2C2_ER_IRQHandler
                0x0000000008002a74                DMA2_Stream1_IRQHandler
                0x0000000008002a74                CAN1_SCE_IRQHandler
                0x0000000008002a74                FLASH_IRQHandler
                0x0000000008002a74                DMA2_Stream4_IRQHandler
                0x0000000008002a74                USART1_IRQHandler
                0x0000000008002a74                OTG_FS_IRQHandler
                0x0000000008002a74                SPI3_IRQHandler
                0x0000000008002a74                DMA1_Stream4_IRQHandler
                0x0000000008002a74                I2C1_ER_IRQHandler
                0x0000000008002a74                FMC_IRQHandler
                0x0000000008002a74                DMA2_Stream6_IRQHandler
                0x0000000008002a74                SAI1_IRQHandler
                0x0000000008002a74                DMA1_Stream3_IRQHandler
 *fill*         0x0000000008002a76        0x2 
 .text.HAL_Init
                0x0000000008002a78       0x44 ./Drivers/STM32F4xx_HAL_Driver/Src/stm32f4xx_hal.o
                0x0000000008002a78                HAL_Init
 .text.HAL_IncTick
                0x0000000008002abc       0x28 ./Drivers/STM32F4xx_HAL_Driver/Src/stm32f4xx_hal.o
                0x0000000008002abc                HAL_IncTick
 .text.HAL_GetTick
                0x0000000008002ae4       0x18 ./Drivers/STM32F4xx_HAL_Driver/Src/stm32f4xx_hal.o
                0x0000000008002ae4                HAL_GetTick
 .text.HAL_CAN_Init
                0x0000000008002afc      0x1f6 ./Drivers/STM32F4xx_HAL_Driver/Src/stm32f4xx_hal_can.o
                0x0000000008002afc                HAL_CAN_Init
 *fill*         0x0000000008002cf2        0x2 
 .text.HAL_CAN_ConfigFilter
                0x0000000008002cf4      0x1c0 ./Drivers/STM32F4xx_HAL_Driver/Src/stm32f4xx_hal_can.o
                0x0000000008002cf4                HAL_CAN_ConfigFilter
 .text.HAL_CAN_Start
                0x0000000008002eb4       0x88 ./Drivers/STM32F4xx_HAL_Driver/Src/stm32f4xx_hal_can.o
                0x0000000008002eb4                HAL_CAN_Start
 .text.HAL_CAN_AddTxMessage
                0x0000000008002f3c      0x1b6 ./Drivers/STM32F4xx_HAL_Driver/Src/stm32f4xx_hal_can.o
                0x0000000008002f3c                HAL_CAN_AddTxMessage
 .text.HAL_CAN_GetTxMailboxesFreeLevel
                0x00000000080030f2       0x6a ./Drivers/STM32F4xx_HAL_Driver/Src/stm32f4xx_hal_can.o
                0x00000000080030f2                HAL_CAN_GetTxMailboxesFreeLevel
 .text.HAL_CAN_GetRxMessage
                0x000000000800315c      0x224 ./Drivers/STM32F4xx_HAL_Driver/Src/stm32f4xx_hal_can.o
                0x000000000800315c                HAL_CAN_GetRxMessage
 .text.HAL_CAN_ActivateNotification
                0x0000000008003380       0x4c ./Drivers/STM32F4xx_HAL_Driver/Src/stm32f4xx_hal_can.o
                0x0000000008003380                HAL_CAN_ActivateNotification
 .text.HAL_CAN_IRQHandler
                0x00000000080033cc      0x36e ./Drivers/STM32F4xx_HAL_Driver/Src/stm32f4xx_hal_can.o
                0x00000000080033cc                HAL_CAN_IRQHandler
 .text.HAL_CAN_TxMailbox0CompleteCallback
                0x000000000800373a       0x14 ./Drivers/STM32F4xx_HAL_Driver/Src/stm32f4xx_hal_can.o
                0x000000000800373a                HAL_CAN_TxMailbox0CompleteCallback
 .text.HAL_CAN_TxMailbox1CompleteCallback
                0x000000000800374e       0x14 ./Drivers/STM32F4xx_HAL_Driver/Src/stm32f4xx_hal_can.o
                0x000000000800374e                HAL_CAN_TxMailbox1CompleteCallback
 .text.HAL_CAN_TxMailbox2CompleteCallback
                0x0000000008003762       0x14 ./Drivers/STM32F4xx_HAL_Driver/Src/stm32f4xx_hal_can.o
                0x0000000008003762                HAL_CAN_TxMailbox2CompleteCallback
 .text.HAL_CAN_TxMailbox0AbortCallback
                0x0000000008003776       0x14 ./Drivers/STM32F4xx_HAL_Driver/Src/stm32f4xx_hal_can.o
                0x0000000008003776                HAL_CAN_TxMailbox0AbortCallback
 .text.HAL_CAN_TxMailbox1AbortCallback
                0x000000000800378a       0x14 ./Drivers/STM32F4xx_HAL_Driver/Src/stm32f4xx_hal_can.o
                0x000000000800378a                HAL_CAN_TxMailbox1AbortCallback
 .text.HAL_CAN_TxMailbox2AbortCallback
                0x000000000800379e       0x14 ./Drivers/STM32F4xx_HAL_Driver/Src/stm32f4xx_hal_can.o
                0x000000000800379e                HAL_CAN_TxMailbox2AbortCallback
 .text.HAL_CAN_RxFifo0FullCallback
                0x00000000080037b2       0x14 ./Drivers/STM32F4xx_HAL_Driver/Src/stm32f4xx_hal_can.o
                0x00000000080037b2                HAL_CAN_RxFifo0FullCallback
 .text.HAL_CAN_RxFifo1MsgPendingCallback
                0x00000000080037c6       0x14 ./Drivers/STM32F4xx_HAL_Driver/Src/stm32f4xx_hal_can.o
                0x00000000080037c6                HAL_CAN_RxFifo1MsgPendingCallback
 .text.HAL_CAN_RxFifo1FullCallback
                0x00000000080037da       0x14 ./Drivers/STM32F4xx_HAL_Driver/Src/stm32f4xx_hal_can.o
                0x00000000080037da                HAL_CAN_RxFifo1FullCallback
 .text.HAL_CAN_SleepCallback
                0x00000000080037ee       0x14 ./Drivers/STM32F4xx_HAL_Driver/Src/stm32f4xx_hal_can.o
                0x00000000080037ee                HAL_CAN_SleepCallback
 .text.HAL_CAN_WakeUpFromRxMsgCallback
                0x0000000008003802       0x14 ./Drivers/STM32F4xx_HAL_Driver/Src/stm32f4xx_hal_can.o
                0x0000000008003802                HAL_CAN_WakeUpFromRxMsgCallback
 .text.HAL_CAN_ErrorCallback
                0x0000000008003816       0x14 ./Drivers/STM32F4xx_HAL_Driver/Src/stm32f4xx_hal_can.o
                0x0000000008003816                HAL_CAN_ErrorCallback
 *fill*         0x000000000800382a        0x2 
 .text.__NVIC_SetPriorityGrouping
                0x000000000800382c       0x48 ./Drivers/STM32F4xx_HAL_Driver/Src/stm32f4xx_hal_cortex.o
 .text.__NVIC_GetPriorityGrouping
                0x0000000008003874       0x1c ./Drivers/STM32F4xx_HAL_Driver/Src/stm32f4xx_hal_cortex.o
 .text.__NVIC_EnableIRQ
                0x0000000008003890       0x3c ./Drivers/STM32F4xx_HAL_Driver/Src/stm32f4xx_hal_cortex.o
 .text.__NVIC_SetPriority
                0x00000000080038cc       0x54 ./Drivers/STM32F4xx_HAL_Driver/Src/stm32f4xx_hal_cortex.o
 .text.NVIC_EncodePriority
                0x0000000008003920       0x66 ./Drivers/STM32F4xx_HAL_Driver/Src/stm32f4xx_hal_cortex.o
 .text.HAL_NVIC_SetPriorityGrouping
                0x0000000008003986       0x16 ./Drivers/STM32F4xx_HAL_Driver/Src/stm32f4xx_hal_cortex.o
                0x0000000008003986                HAL_NVIC_SetPriorityGrouping
 .text.HAL_NVIC_SetPriority
                0x000000000800399c       0x38 ./Drivers/STM32F4xx_HAL_Driver/Src/stm32f4xx_hal_cortex.o
                0x000000000800399c                HAL_NVIC_SetPriority
 .text.HAL_NVIC_EnableIRQ
                0x00000000080039d4       0x1c ./Drivers/STM32F4xx_HAL_Driver/Src/stm32f4xx_hal_cortex.o
                0x00000000080039d4                HAL_NVIC_EnableIRQ
 .text.HAL_DMA_Abort
                0x00000000080039f0       0xe0 ./Drivers/STM32F4xx_HAL_Driver/Src/stm32f4xx_hal_dma.o
                0x00000000080039f0                HAL_DMA_Abort
 .text.HAL_DMA_Abort_IT
                0x0000000008003ad0       0x44 ./Drivers/STM32F4xx_HAL_Driver/Src/stm32f4xx_hal_dma.o
                0x0000000008003ad0                HAL_DMA_Abort_IT
 .text.HAL_GPIO_Init
                0x0000000008003b14      0x328 ./Drivers/STM32F4xx_HAL_Driver/Src/stm32f4xx_hal_gpio.o
                0x0000000008003b14                HAL_GPIO_Init
 .text.HAL_GPIO_WritePin
                0x0000000008003e3c       0x32 ./Drivers/STM32F4xx_HAL_Driver/Src/stm32f4xx_hal_gpio.o
                0x0000000008003e3c                HAL_GPIO_WritePin
 .text.HAL_GPIO_TogglePin
                0x0000000008003e6e       0x34 ./Drivers/STM32F4xx_HAL_Driver/Src/stm32f4xx_hal_gpio.o
                0x0000000008003e6e                HAL_GPIO_TogglePin
 *fill*         0x0000000008003ea2        0x2 
 .text.HAL_GPIO_EXTI_IRQHandler
                0x0000000008003ea4       0x30 ./Drivers/STM32F4xx_HAL_Driver/Src/stm32f4xx_hal_gpio.o
                0x0000000008003ea4                HAL_GPIO_EXTI_IRQHandler
 .text.HAL_RCC_ClockConfig
                0x0000000008003ed4      0x1cc ./Drivers/STM32F4xx_HAL_Driver/Src/stm32f4xx_hal_rcc.o
                0x0000000008003ed4                HAL_RCC_ClockConfig
 .text.HAL_RCC_GetHCLKFreq
                0x00000000080040a0       0x18 ./Drivers/STM32F4xx_HAL_Driver/Src/stm32f4xx_hal_rcc.o
                0x00000000080040a0                HAL_RCC_GetHCLKFreq
 .text.HAL_RCC_GetPCLK1Freq
                0x00000000080040b8       0x28 ./Drivers/STM32F4xx_HAL_Driver/Src/stm32f4xx_hal_rcc.o
                0x00000000080040b8                HAL_RCC_GetPCLK1Freq
 .text.HAL_RCC_GetPCLK2Freq
                0x00000000080040e0       0x28 ./Drivers/STM32F4xx_HAL_Driver/Src/stm32f4xx_hal_rcc.o
                0x00000000080040e0                HAL_RCC_GetPCLK2Freq
 .text.HAL_RCC_GetClockConfig
                0x0000000008004108       0x64 ./Drivers/STM32F4xx_HAL_Driver/Src/stm32f4xx_hal_rcc.o
                0x0000000008004108                HAL_RCC_GetClockConfig
 .text.HAL_RCC_GetSysClockFreq
                0x000000000800416c      0x460 ./Drivers/STM32F4xx_HAL_Driver/Src/stm32f4xx_hal_rcc_ex.o
                0x000000000800416c                HAL_RCC_GetSysClockFreq
 .text.HAL_RCC_OscConfig
                0x00000000080045cc      0x53c ./Drivers/STM32F4xx_HAL_Driver/Src/stm32f4xx_hal_rcc_ex.o
                0x00000000080045cc                HAL_RCC_OscConfig
 .text.HAL_TIM_Base_Init
                0x0000000008004b08       0x9e ./Drivers/STM32F4xx_HAL_Driver/Src/stm32f4xx_hal_tim.o
                0x0000000008004b08                HAL_TIM_Base_Init
 *fill*         0x0000000008004ba6        0x2 
 .text.HAL_TIM_Base_Start_IT
                0x0000000008004ba8       0xe0 ./Drivers/STM32F4xx_HAL_Driver/Src/stm32f4xx_hal_tim.o
                0x0000000008004ba8                HAL_TIM_Base_Start_IT
 .text.HAL_TIM_Base_Stop_IT
                0x0000000008004c88       0x5e ./Drivers/STM32F4xx_HAL_Driver/Src/stm32f4xx_hal_tim.o
                0x0000000008004c88                HAL_TIM_Base_Stop_IT
 .text.HAL_TIM_IRQHandler
                0x0000000008004ce6      0x210 ./Drivers/STM32F4xx_HAL_Driver/Src/stm32f4xx_hal_tim.o
                0x0000000008004ce6                HAL_TIM_IRQHandler
 .text.HAL_TIM_ConfigClockSource
                0x0000000008004ef6      0x18e ./Drivers/STM32F4xx_HAL_Driver/Src/stm32f4xx_hal_tim.o
                0x0000000008004ef6                HAL_TIM_ConfigClockSource
 .text.HAL_TIM_OC_DelayElapsedCallback
                0x0000000008005084       0x14 ./Drivers/STM32F4xx_HAL_Driver/Src/stm32f4xx_hal_tim.o
                0x0000000008005084                HAL_TIM_OC_DelayElapsedCallback
 .text.HAL_TIM_IC_CaptureCallback
                0x0000000008005098       0x14 ./Drivers/STM32F4xx_HAL_Driver/Src/stm32f4xx_hal_tim.o
                0x0000000008005098                HAL_TIM_IC_CaptureCallback
 .text.HAL_TIM_PWM_PulseFinishedCallback
                0x00000000080050ac       0x14 ./Drivers/STM32F4xx_HAL_Driver/Src/stm32f4xx_hal_tim.o
                0x00000000080050ac                HAL_TIM_PWM_PulseFinishedCallback
 .text.HAL_TIM_TriggerCallback
                0x00000000080050c0       0x14 ./Drivers/STM32F4xx_HAL_Driver/Src/stm32f4xx_hal_tim.o
                0x00000000080050c0                HAL_TIM_TriggerCallback
 .text.TIM_Base_SetConfig
                0x00000000080050d4      0x140 ./Drivers/STM32F4xx_HAL_Driver/Src/stm32f4xx_hal_tim.o
                0x00000000080050d4                TIM_Base_SetConfig
 .text.TIM_TI1_ConfigInputStage
                0x0000000008005214       0x5e ./Drivers/STM32F4xx_HAL_Driver/Src/stm32f4xx_hal_tim.o
 .text.TIM_TI2_ConfigInputStage
                0x0000000008005272       0x60 ./Drivers/STM32F4xx_HAL_Driver/Src/stm32f4xx_hal_tim.o
 .text.TIM_ITRx_SetConfig
                0x00000000080052d2       0x36 ./Drivers/STM32F4xx_HAL_Driver/Src/stm32f4xx_hal_tim.o
 .text.TIM_ETR_SetConfig
                0x0000000008005308       0x40 ./Drivers/STM32F4xx_HAL_Driver/Src/stm32f4xx_hal_tim.o
                0x0000000008005308                TIM_ETR_SetConfig
 .text.HAL_TIMEx_MasterConfigSynchronization
                0x0000000008005348       0xf8 ./Drivers/STM32F4xx_HAL_Driver/Src/stm32f4xx_hal_tim_ex.o
                0x0000000008005348                HAL_TIMEx_MasterConfigSynchronization
 .text.HAL_TIMEx_CommutCallback
                0x0000000008005440       0x14 ./Drivers/STM32F4xx_HAL_Driver/Src/stm32f4xx_hal_tim_ex.o
                0x0000000008005440                HAL_TIMEx_CommutCallback
 .text.HAL_TIMEx_BreakCallback
                0x0000000008005454       0x14 ./Drivers/STM32F4xx_HAL_Driver/Src/stm32f4xx_hal_tim_ex.o
                0x0000000008005454                HAL_TIMEx_BreakCallback
 .text.HAL_UART_Init
                0x0000000008005468       0x9a ./Drivers/STM32F4xx_HAL_Driver/Src/stm32f4xx_hal_uart.o
                0x0000000008005468                HAL_UART_Init
 .text.HAL_UART_Transmit
                0x0000000008005502      0x124 ./Drivers/STM32F4xx_HAL_Driver/Src/stm32f4xx_hal_uart.o
                0x0000000008005502                HAL_UART_Transmit
 *fill*         0x0000000008005626        0x2 
 .text.HAL_UART_IRQHandler
                0x0000000008005628      0x51c ./Drivers/STM32F4xx_HAL_Driver/Src/stm32f4xx_hal_uart.o
                0x0000000008005628                HAL_UART_IRQHandler
 .text.HAL_UART_TxCpltCallback
                0x0000000008005b44       0x14 ./Drivers/STM32F4xx_HAL_Driver/Src/stm32f4xx_hal_uart.o
                0x0000000008005b44                HAL_UART_TxCpltCallback
 .text.HAL_UART_RxCpltCallback
                0x0000000008005b58       0x14 ./Drivers/STM32F4xx_HAL_Driver/Src/stm32f4xx_hal_uart.o
                0x0000000008005b58                HAL_UART_RxCpltCallback
 .text.HAL_UART_ErrorCallback
                0x0000000008005b6c       0x14 ./Drivers/STM32F4xx_HAL_Driver/Src/stm32f4xx_hal_uart.o
                0x0000000008005b6c                HAL_UART_ErrorCallback
 .text.HAL_UARTEx_RxEventCallback
                0x0000000008005b80       0x18 ./Drivers/STM32F4xx_HAL_Driver/Src/stm32f4xx_hal_uart.o
                0x0000000008005b80                HAL_UARTEx_RxEventCallback
 .text.UART_WaitOnFlagUntilTimeout
                0x0000000008005b98       0xdc ./Drivers/STM32F4xx_HAL_Driver/Src/stm32f4xx_hal_uart.o
 .text.UART_EndRxTransfer
                0x0000000008005c74       0xc6 ./Drivers/STM32F4xx_HAL_Driver/Src/stm32f4xx_hal_uart.o
 .text.UART_DMAAbortOnError
                0x0000000008005d3a       0x28 ./Drivers/STM32F4xx_HAL_Driver/Src/stm32f4xx_hal_uart.o
 .text.UART_Transmit_IT
                0x0000000008005d62       0xa0 ./Drivers/STM32F4xx_HAL_Driver/Src/stm32f4xx_hal_uart.o
 .text.UART_EndTransmit_IT
                0x0000000008005e02       0x30 ./Drivers/STM32F4xx_HAL_Driver/Src/stm32f4xx_hal_uart.o
 .text.UART_Receive_IT
                0x0000000008005e32      0x176 ./Drivers/STM32F4xx_HAL_Driver/Src/stm32f4xx_hal_uart.o
 .text.UART_SetConfig
                0x0000000008005fa8      0x4e8 ./Drivers/STM32F4xx_HAL_Driver/Src/stm32f4xx_hal_uart.o
 .text.makeFreeRtosPriority
                0x0000000008006490       0x30 ./Middlewares/Third_Party/FreeRTOS/Source/CMSIS_RTOS/cmsis_os.o
 .text.osKernelStart
                0x00000000080064c0        0xe ./Middlewares/Third_Party/FreeRTOS/Source/CMSIS_RTOS/cmsis_os.o
                0x00000000080064c0                osKernelStart
 .text.osThreadCreate
                0x00000000080064ce       0x98 ./Middlewares/Third_Party/FreeRTOS/Source/CMSIS_RTOS/cmsis_os.o
                0x00000000080064ce                osThreadCreate
 .text.osDelay  0x0000000008006566       0x28 ./Middlewares/Third_Party/FreeRTOS/Source/CMSIS_RTOS/cmsis_os.o
                0x0000000008006566                osDelay
 .text.vListInitialise
                0x000000000800658e       0x40 ./Middlewares/Third_Party/FreeRTOS/Source/list.o
                0x000000000800658e                vListInitialise
 .text.vListInitialiseItem
                0x00000000080065ce       0x1a ./Middlewares/Third_Party/FreeRTOS/Source/list.o
                0x00000000080065ce                vListInitialiseItem
 .text.vListInsertEnd
                0x00000000080065e8       0x48 ./Middlewares/Third_Party/FreeRTOS/Source/list.o
                0x00000000080065e8                vListInsertEnd
 .text.vListInsert
                0x0000000008006630       0x72 ./Middlewares/Third_Party/FreeRTOS/Source/list.o
                0x0000000008006630                vListInsert
 .text.uxListRemove
                0x00000000080066a2       0x54 ./Middlewares/Third_Party/FreeRTOS/Source/list.o
                0x00000000080066a2                uxListRemove
 .text.xTaskCreateStatic
                0x00000000080066f6       0xba ./Middlewares/Third_Party/FreeRTOS/Source/tasks.o
                0x00000000080066f6                xTaskCreateStatic
 .text.xTaskCreate
                0x00000000080067b0       0x8a ./Middlewares/Third_Party/FreeRTOS/Source/tasks.o
                0x00000000080067b0                xTaskCreate
 *fill*         0x000000000800683a        0x2 
 .text.prvInitialiseNewTask
                0x000000000800683c      0x13c ./Middlewares/Third_Party/FreeRTOS/Source/tasks.o
 .text.prvAddNewTaskToReadyList
                0x0000000008006978       0xd4 ./Middlewares/Third_Party/FreeRTOS/Source/tasks.o
 .text.vTaskDelay
                0x0000000008006a4c       0x68 ./Middlewares/Third_Party/FreeRTOS/Source/tasks.o
                0x0000000008006a4c                vTaskDelay
 .text.vTaskStartScheduler
                0x0000000008006ab4       0xd4 ./Middlewares/Third_Party/FreeRTOS/Source/tasks.o
                0x0000000008006ab4                vTaskStartScheduler
 .text.vTaskSuspendAll
                0x0000000008006b88       0x1c ./Middlewares/Third_Party/FreeRTOS/Source/tasks.o
                0x0000000008006b88                vTaskSuspendAll
 .text.xTaskResumeAll
                0x0000000008006ba4      0x138 ./Middlewares/Third_Party/FreeRTOS/Source/tasks.o
                0x0000000008006ba4                xTaskResumeAll
 .text.xTaskIncrementTick
                0x0000000008006cdc      0x170 ./Middlewares/Third_Party/FreeRTOS/Source/tasks.o
                0x0000000008006cdc                xTaskIncrementTick
 .text.vTaskSwitchContext
                0x0000000008006e4c       0xc4 ./Middlewares/Third_Party/FreeRTOS/Source/tasks.o
                0x0000000008006e4c                vTaskSwitchContext
 .text.prvIdleTask
                0x0000000008006f10       0x30 ./Middlewares/Third_Party/FreeRTOS/Source/tasks.o
 .text.prvInitialiseTaskLists
                0x0000000008006f40       0x80 ./Middlewares/Third_Party/FreeRTOS/Source/tasks.o
 .text.prvCheckTasksWaitingTermination
                0x0000000008006fc0       0x5c ./Middlewares/Third_Party/FreeRTOS/Source/tasks.o
 .text.prvDeleteTCB
                0x000000000800701c       0x68 ./Middlewares/Third_Party/FreeRTOS/Source/tasks.o
 .text.prvResetNextTaskUnblockTime
                0x0000000008007084       0x40 ./Middlewares/Third_Party/FreeRTOS/Source/tasks.o
 .text.prvAddCurrentTaskToDelayedList
                0x00000000080070c4       0xcc ./Middlewares/Third_Party/FreeRTOS/Source/tasks.o
 .text.pxPortInitialiseStack
                0x0000000008007190       0x68 ./Middlewares/Third_Party/FreeRTOS/Source/portable/GCC/ARM_CM4F/port.o
                0x0000000008007190                pxPortInitialiseStack
 .text.prvTaskExitError
                0x00000000080071f8       0x58 ./Middlewares/Third_Party/FreeRTOS/Source/portable/GCC/ARM_CM4F/port.o
 .text.SVC_Handler
                0x0000000008007250       0x28 ./Middlewares/Third_Party/FreeRTOS/Source/portable/GCC/ARM_CM4F/port.o
                0x0000000008007250                SVC_Handler
 .text.prvPortStartFirstTask
                0x0000000008007278       0x28 ./Middlewares/Third_Party/FreeRTOS/Source/portable/GCC/ARM_CM4F/port.o
 .text.xPortStartScheduler
                0x00000000080072a0      0x144 ./Middlewares/Third_Party/FreeRTOS/Source/portable/GCC/ARM_CM4F/port.o
                0x00000000080072a0                xPortStartScheduler
 .text.vPortEnterCritical
                0x00000000080073e4       0x60 ./Middlewares/Third_Party/FreeRTOS/Source/portable/GCC/ARM_CM4F/port.o
                0x00000000080073e4                vPortEnterCritical
 .text.vPortExitCritical
                0x0000000008007444       0x54 ./Middlewares/Third_Party/FreeRTOS/Source/portable/GCC/ARM_CM4F/port.o
                0x0000000008007444                vPortExitCritical
 *fill*         0x0000000008007498        0x8 
 .text.PendSV_Handler
                0x00000000080074a0       0x68 ./Middlewares/Third_Party/FreeRTOS/Source/portable/GCC/ARM_CM4F/port.o
                0x00000000080074a0                PendSV_Handler
 .text.SysTick_Handler
                0x0000000008007508       0x44 ./Middlewares/Third_Party/FreeRTOS/Source/portable/GCC/ARM_CM4F/port.o
                0x0000000008007508                SysTick_Handler
 .text.vPortSetupTimerInterrupt
                0x000000000800754c       0x48 ./Middlewares/Third_Party/FreeRTOS/Source/portable/GCC/ARM_CM4F/port.o
                0x000000000800754c                vPortSetupTimerInterrupt
 .text.vPortEnableVFP
                0x0000000008007594       0x14 ./Middlewares/Third_Party/FreeRTOS/Source/portable/GCC/ARM_CM4F/port.o
 .text.pvPortMalloc
                0x00000000080075a8      0x198 ./Middlewares/Third_Party/FreeRTOS/Source/portable/MemMang/heap_4.o
                0x00000000080075a8                pvPortMalloc
 .text.vPortFree
                0x0000000008007740       0xc4 ./Middlewares/Third_Party/FreeRTOS/Source/portable/MemMang/heap_4.o
                0x0000000008007740                vPortFree
 .text.prvHeapInit
                0x0000000008007804       0xc4 ./Middlewares/Third_Party/FreeRTOS/Source/portable/MemMang/heap_4.o
 .text.prvInsertBlockIntoFreeList
                0x00000000080078c8       0xb4 ./Middlewares/Third_Party/FreeRTOS/Source/portable/MemMang/heap_4.o
 .text.memset   0x000000000800797c       0x10 C:/ST/STM32CubeIDE_1.13.2/STM32CubeIDE/plugins/com.st.stm32cube.ide.mcu.externaltools.gnu-tools-for-stm32.11.3.rel1.win32_1.1.1.202309131626/tools/bin/../lib/gcc/arm-none-eabi/11.3.1/../../../../arm-none-eabi/lib/thumb/v7e-m+fp/hard\libc_nano.a(libc_a-memset.o)
                0x000000000800797c                memset
 .text._reclaim_reent
                0x000000000800798c       0xac C:/ST/STM32CubeIDE_1.13.2/STM32CubeIDE/plugins/com.st.stm32cube.ide.mcu.externaltools.gnu-tools-for-stm32.11.3.rel1.win32_1.1.1.202309131626/tools/bin/../lib/gcc/arm-none-eabi/11.3.1/../../../../arm-none-eabi/lib/thumb/v7e-m+fp/hard\libc_nano.a(libc_a-reent.o)
                0x000000000800798c                _reclaim_reent
 .text.__libc_init_array
                0x0000000008007a38       0x48 C:/ST/STM32CubeIDE_1.13.2/STM32CubeIDE/plugins/com.st.stm32cube.ide.mcu.externaltools.gnu-tools-for-stm32.11.3.rel1.win32_1.1.1.202309131626/tools/bin/../lib/gcc/arm-none-eabi/11.3.1/../../../../arm-none-eabi/lib/thumb/v7e-m+fp/hard\libc_nano.a(libc_a-init.o)
                0x0000000008007a38                __libc_init_array
 .text.__retarget_lock_acquire_recursive
                0x0000000008007a80        0x2 C:/ST/STM32CubeIDE_1.13.2/STM32CubeIDE/plugins/com.st.stm32cube.ide.mcu.externaltools.gnu-tools-for-stm32.11.3.rel1.win32_1.1.1.202309131626/tools/bin/../lib/gcc/arm-none-eabi/11.3.1/../../../../arm-none-eabi/lib/thumb/v7e-m+fp/hard\libc_nano.a(libc_a-lock.o)
                0x0000000008007a80                __retarget_lock_acquire_recursive
 .text.__retarget_lock_release_recursive
                0x0000000008007a82        0x2 C:/ST/STM32CubeIDE_1.13.2/STM32CubeIDE/plugins/com.st.stm32cube.ide.mcu.externaltools.gnu-tools-for-stm32.11.3.rel1.win32_1.1.1.202309131626/tools/bin/../lib/gcc/arm-none-eabi/11.3.1/../../../../arm-none-eabi/lib/thumb/v7e-m+fp/hard\libc_nano.a(libc_a-lock.o)
                0x0000000008007a82                __retarget_lock_release_recursive
 .text._free_r  0x0000000008007a84       0x98 C:/ST/STM32CubeIDE_1.13.2/STM32CubeIDE/plugins/com.st.stm32cube.ide.mcu.externaltools.gnu-tools-for-stm32.11.3.rel1.win32_1.1.1.202309131626/tools/bin/../lib/gcc/arm-none-eabi/11.3.1/../../../../arm-none-eabi/lib/thumb/v7e-m+fp/hard\libc_nano.a(libc_a-freer.o)
                0x0000000008007a84                _free_r
 .text.__malloc_lock
                0x0000000008007b1c        0xc C:/ST/STM32CubeIDE_1.13.2/STM32CubeIDE/plugins/com.st.stm32cube.ide.mcu.externaltools.gnu-tools-for-stm32.11.3.rel1.win32_1.1.1.202309131626/tools/bin/../lib/gcc/arm-none-eabi/11.3.1/../../../../arm-none-eabi/lib/thumb/v7e-m+fp/hard\libc_nano.a(libc_a-mlock.o)
                0x0000000008007b1c                __malloc_lock
 .text.__malloc_unlock
                0x0000000008007b28        0xc C:/ST/STM32CubeIDE_1.13.2/STM32CubeIDE/plugins/com.st.stm32cube.ide.mcu.externaltools.gnu-tools-for-stm32.11.3.rel1.win32_1.1.1.202309131626/tools/bin/../lib/gcc/arm-none-eabi/11.3.1/../../../../arm-none-eabi/lib/thumb/v7e-m+fp/hard\libc_nano.a(libc_a-mlock.o)
                0x0000000008007b28                __malloc_unlock
 *(.glue_7)
 .glue_7        0x0000000008007b34        0x0 linker stubs
 *(.glue_7t)
 .glue_7t       0x0000000008007b34        0x0 linker stubs
 *(.eh_frame)
 .eh_frame      0x0000000008007b34        0x0 C:/ST/STM32CubeIDE_1.13.2/STM32CubeIDE/plugins/com.st.stm32cube.ide.mcu.externaltools.gnu-tools-for-stm32.11.3.rel1.win32_1.1.1.202309131626/tools/bin/../lib/gcc/arm-none-eabi/11.3.1/thumb/v7e-m+fp/hard/crtbegin.o
 *(.init)
 .init          0x0000000008007b34        0x4 C:/ST/STM32CubeIDE_1.13.2/STM32CubeIDE/plugins/com.st.stm32cube.ide.mcu.externaltools.gnu-tools-for-stm32.11.3.rel1.win32_1.1.1.202309131626/tools/bin/../lib/gcc/arm-none-eabi/11.3.1/thumb/v7e-m+fp/hard/crti.o
                0x0000000008007b34                _init
 .init          0x0000000008007b38        0x8 C:/ST/STM32CubeIDE_1.13.2/STM32CubeIDE/plugins/com.st.stm32cube.ide.mcu.externaltools.gnu-tools-for-stm32.11.3.rel1.win32_1.1.1.202309131626/tools/bin/../lib/gcc/arm-none-eabi/11.3.1/thumb/v7e-m+fp/hard/crtn.o
 *(.fini)
 .fini          0x0000000008007b40        0x4 C:/ST/STM32CubeIDE_1.13.2/STM32CubeIDE/plugins/com.st.stm32cube.ide.mcu.externaltools.gnu-tools-for-stm32.11.3.rel1.win32_1.1.1.202309131626/tools/bin/../lib/gcc/arm-none-eabi/11.3.1/thumb/v7e-m+fp/hard/crti.o
                0x0000000008007b40                _fini
 .fini          0x0000000008007b44        0x8 C:/ST/STM32CubeIDE_1.13.2/STM32CubeIDE/plugins/com.st.stm32cube.ide.mcu.externaltools.gnu-tools-for-stm32.11.3.rel1.win32_1.1.1.202309131626/tools/bin/../lib/gcc/arm-none-eabi/11.3.1/thumb/v7e-m+fp/hard/crtn.o
                0x0000000008007b4c                . = ALIGN (0x4)
                0x0000000008007b4c                _etext = .

.vfp11_veneer   0x0000000008007b4c        0x0
 .vfp11_veneer  0x0000000008007b4c        0x0 linker stubs

.v4_bx          0x0000000008007b4c        0x0
 .v4_bx         0x0000000008007b4c        0x0 linker stubs

.iplt           0x0000000008007b4c        0x0
 .iplt          0x0000000008007b4c        0x0 C:/ST/STM32CubeIDE_1.13.2/STM32CubeIDE/plugins/com.st.stm32cube.ide.mcu.externaltools.gnu-tools-for-stm32.11.3.rel1.win32_1.1.1.202309131626/tools/bin/../lib/gcc/arm-none-eabi/11.3.1/thumb/v7e-m+fp/hard/crtbegin.o

.rodata         0x0000000008007b4c       0xe0
                0x0000000008007b4c                . = ALIGN (0x4)
 *(.rodata)
 .rodata        0x0000000008007b4c       0x6b ./Core/Src/CanNm.o
 *fill*         0x0000000008007bb7        0x1 
 .rodata        0x0000000008007bb8       0x28 ./Core/Src/freertos.o
 .rodata        0x0000000008007be0       0x2b ./Core/Src/main.o
 *fill*         0x0000000008007c0b        0x1 
 .rodata        0x0000000008007c0c        0x5 ./Middlewares/Third_Party/FreeRTOS/Source/tasks.o
 *(.rodata*)
 *fill*         0x0000000008007c11        0x3 
 .rodata.AHBPrescTable
                0x0000000008007c14       0x10 ./Core/Src/system_stm32f4xx.o
                0x0000000008007c14                AHBPrescTable
 .rodata.APBPrescTable
                0x0000000008007c24        0x8 ./Core/Src/system_stm32f4xx.o
                0x0000000008007c24                APBPrescTable
                0x0000000008007c2c                . = ALIGN (0x4)

.ARM.extab      0x0000000008007c2c        0x0
                0x0000000008007c2c                . = ALIGN (0x4)
 *(.ARM.extab* .gnu.linkonce.armextab.*)
                0x0000000008007c2c                . = ALIGN (0x4)

.ARM            0x0000000008007c2c        0x8
                0x0000000008007c2c                . = ALIGN (0x4)
                0x0000000008007c2c                __exidx_start = .
 *(.ARM.exidx*)
 .ARM.exidx     0x0000000008007c2c        0x8 C:/ST/STM32CubeIDE_1.13.2/STM32CubeIDE/plugins/com.st.stm32cube.ide.mcu.externaltools.gnu-tools-for-stm32.11.3.rel1.win32_1.1.1.202309131626/tools/bin/../lib/gcc/arm-none-eabi/11.3.1/thumb/v7e-m+fp/hard\libgcc.a(_udivmoddi4.o)
                0x0000000008007c34                __exidx_end = .
                0x0000000008007c34                . = ALIGN (0x4)

.rel.dyn        0x0000000008007c34        0x0
 .rel.iplt      0x0000000008007c34        0x0 C:/ST/STM32CubeIDE_1.13.2/STM32CubeIDE/plugins/com.st.stm32cube.ide.mcu.externaltools.gnu-tools-for-stm32.11.3.rel1.win32_1.1.1.202309131626/tools/bin/../lib/gcc/arm-none-eabi/11.3.1/thumb/v7e-m+fp/hard/crtbegin.o

.preinit_array  0x0000000008007c34        0x0
                0x0000000008007c34                . = ALIGN (0x4)
                0x0000000008007c34                PROVIDE (__preinit_array_start = .)
 *(.preinit_array*)
                0x0000000008007c34                PROVIDE (__preinit_array_end = .)
                0x0000000008007c34                . = ALIGN (0x4)

.init_array     0x0000000008007c34        0x4
                0x0000000008007c34                . = ALIGN (0x4)
                0x0000000008007c34                PROVIDE (__init_array_start = .)
 *(SORT_BY_NAME(.init_array.*))
 *(.init_array*)
 .init_array    0x0000000008007c34        0x4 C:/ST/STM32CubeIDE_1.13.2/STM32CubeIDE/plugins/com.st.stm32cube.ide.mcu.externaltools.gnu-tools-for-stm32.11.3.rel1.win32_1.1.1.202309131626/tools/bin/../lib/gcc/arm-none-eabi/11.3.1/thumb/v7e-m+fp/hard/crtbegin.o
                0x0000000008007c38                PROVIDE (__init_array_end = .)
                0x0000000008007c38                . = ALIGN (0x4)

.fini_array     0x0000000008007c38        0x4
                0x0000000008007c38                . = ALIGN (0x4)
                [!provide]                        PROVIDE (__fini_array_start = .)
 *(SORT_BY_NAME(.fini_array.*))
 *(.fini_array*)
 .fini_array    0x0000000008007c38        0x4 C:/ST/STM32CubeIDE_1.13.2/STM32CubeIDE/plugins/com.st.stm32cube.ide.mcu.externaltools.gnu-tools-for-stm32.11.3.rel1.win32_1.1.1.202309131626/tools/bin/../lib/gcc/arm-none-eabi/11.3.1/thumb/v7e-m+fp/hard/crtbegin.o
                [!provide]                        PROVIDE (__fini_array_end = .)
                0x0000000008007c3c                . = ALIGN (0x4)
                0x0000000008007c3c                _sidata = LOADADDR (.data)

.data           0x0000000020000000       0xa0 load address 0x0000000008007c3c
                0x0000000020000000                . = ALIGN (0x4)
                0x0000000020000000                _sdata = .
 *(.data)
 *(.data*)
 .data.global_session
                0x0000000020000000        0x1 ./Core/Src/APP_UDS_Diag.o
                0x0000000020000000                global_session
 *fill*         0x0000000020000001        0x3 
 .data.Oil_Pressure_var
                0x0000000020000004        0x4 ./Core/Src/APP_UDS_Diag.o
                0x0000000020000004                Oil_Pressure_var
 .data.Oil_Temp_var
                0x0000000020000008        0x4 ./Core/Src/APP_UDS_Diag.o
                0x0000000020000008                Oil_Temp_var
 .data.VIN_number_var
                0x000000002000000c       0x11 ./Core/Src/APP_UDS_Diag.o
                0x000000002000000c                VIN_number_var
 .data.SupressedPosRes_Server
                0x000000002000001d        0x1 ./Core/Src/APP_UDS_Diag.o
                0x000000002000001d                SupressedPosRes_Server
 .data.CanNm_Mode
                0x000000002000001e        0x1 ./Core/Src/CanNm.o
                0x000000002000001e                CanNm_Mode
 .data.WakeUp_Event
                0x000000002000001f        0x1 ./Core/Src/CanNm.o
                0x000000002000001f                WakeUp_Event
 .data.NetworkModeState
                0x0000000020000020        0x1 ./Core/Src/CanNm.o
                0x0000000020000020                NetworkModeState
 .data.NM_Timer
                0x0000000020000021        0x1 ./Core/Src/CanNm.o
                0x0000000020000021                NM_Timer
 .data.Repeat_Message_Timer
                0x0000000020000022        0x1 ./Core/Src/CanNm.o
                0x0000000020000022                Repeat_Message_Timer
 .data.Bus_Sleep_Timer
                0x0000000020000023        0x1 ./Core/Src/CanNm.o
                0x0000000020000023                Bus_Sleep_Timer
 .data.Send_MSG_Timer
                0x0000000020000024        0x1 ./Core/Src/CanNm.o
                0x0000000020000024                Send_MSG_Timer
 *fill*         0x0000000020000025        0x3 
 .data.GlobalNmPdu
                0x0000000020000028        0xc ./Core/Src/CanNm.o
                0x0000000020000028                GlobalNmPdu
 .data.availableBuffers
                0x0000000020000034        0x4 ./Core/Src/CanTp.o
                0x0000000020000034                availableBuffers
 .data.currentOffset
                0x0000000020000038        0x4 ./Core/Src/CanTp.o
                0x0000000020000038                currentOffset
 .data.PRESS_FLAG
                0x000000002000003c        0x1 ./Core/Src/main.o
                0x000000002000003c                PRESS_FLAG
 *fill*         0x000000002000003d        0x3 
 .data.SystemCoreClock
                0x0000000020000040        0x4 ./Core/Src/system_stm32f4xx.o
                0x0000000020000040                SystemCoreClock
 .data.uwTickPrio
                0x0000000020000044        0x4 ./Drivers/STM32F4xx_HAL_Driver/Src/stm32f4xx_hal.o
                0x0000000020000044                uwTickPrio
 .data.uwTickFreq
                0x0000000020000048        0x1 ./Drivers/STM32F4xx_HAL_Driver/Src/stm32f4xx_hal.o
                0x0000000020000048                uwTickFreq
 *fill*         0x0000000020000049        0x3 
 .data.uxCriticalNesting
                0x000000002000004c        0x4 ./Middlewares/Third_Party/FreeRTOS/Source/portable/GCC/ARM_CM4F/port.o
 .data._impure_data
                0x0000000020000050       0x4c C:/ST/STM32CubeIDE_1.13.2/STM32CubeIDE/plugins/com.st.stm32cube.ide.mcu.externaltools.gnu-tools-for-stm32.11.3.rel1.win32_1.1.1.202309131626/tools/bin/../lib/gcc/arm-none-eabi/11.3.1/../../../../arm-none-eabi/lib/thumb/v7e-m+fp/hard\libc_nano.a(libc_a-impure.o)
                0x0000000020000050                _impure_data
 .data._impure_ptr
                0x000000002000009c        0x4 C:/ST/STM32CubeIDE_1.13.2/STM32CubeIDE/plugins/com.st.stm32cube.ide.mcu.externaltools.gnu-tools-for-stm32.11.3.rel1.win32_1.1.1.202309131626/tools/bin/../lib/gcc/arm-none-eabi/11.3.1/../../../../arm-none-eabi/lib/thumb/v7e-m+fp/hard\libc_nano.a(libc_a-impure.o)
                0x000000002000009c                _impure_ptr
 *(.RamFunc)
 *(.RamFunc*)
                0x00000000200000a0                . = ALIGN (0x4)
                0x00000000200000a0                _edata = .

.igot.plt       0x00000000200000a0        0x0 load address 0x0000000008007cdc
 .igot.plt      0x00000000200000a0        0x0 C:/ST/STM32CubeIDE_1.13.2/STM32CubeIDE/plugins/com.st.stm32cube.ide.mcu.externaltools.gnu-tools-for-stm32.11.3.rel1.win32_1.1.1.202309131626/tools/bin/../lib/gcc/arm-none-eabi/11.3.1/thumb/v7e-m+fp/hard/crtbegin.o
                0x00000000200000a0                . = ALIGN (0x4)

.bss            0x00000000200000a0     0x8444 load address 0x0000000008007cdc
                0x00000000200000a0                _sbss = .
                0x00000000200000a0                __bss_start__ = _sbss
 *(.bss)
 .bss           0x00000000200000a0       0x1c C:/ST/STM32CubeIDE_1.13.2/STM32CubeIDE/plugins/com.st.stm32cube.ide.mcu.externaltools.gnu-tools-for-stm32.11.3.rel1.win32_1.1.1.202309131626/tools/bin/../lib/gcc/arm-none-eabi/11.3.1/thumb/v7e-m+fp/hard/crtbegin.o
 *(.bss*)
 .bss.global_sec_flag
                0x00000000200000bc        0x1 ./Core/Src/APP_UDS_Diag.o
                0x00000000200000bc                global_sec_flag
 *fill*         0x00000000200000bd        0x3 
 .bss.Sec_u32SeedValue
                0x00000000200000c0        0x4 ./Core/Src/APP_UDS_Diag.o
                0x00000000200000c0                Sec_u32SeedValue
 .bss.Sec_State
                0x00000000200000c4        0x1 ./Core/Src/APP_UDS_Diag.o
                0x00000000200000c4                Sec_State
 *fill*         0x00000000200000c5        0x3 
 .bss.pos_Response
                0x00000000200000c8     0x1008 ./Core/Src/APP_UDS_Diag.o
                0x00000000200000c8                pos_Response
 .bss.Control   0x00000000200010d0     0x1008 ./Core/Src/APP_UDS_Diag.o
                0x00000000200010d0                Control
 .bss.msg       0x00000000200020d8     0x1004 ./Core/Src/APP_UDS_Diag.o
                0x00000000200020d8                msg
 .bss.flag_sub_fun
                0x00000000200030dc        0x1 ./Core/Src/APP_UDS_Diag.o
                0x00000000200030dc                flag_sub_fun
 *fill*         0x00000000200030dd        0x3 
 .bss.PduDataPTR
                0x00000000200030e0        0x4 ./Core/Src/APP_UDS_Diag.o
                0x00000000200030e0                PduDataPTR
 .bss.rxHeader  0x00000000200030e4       0x1c ./Core/Src/CanIf.o
                0x00000000200030e4                rxHeader
 .bss.CanIfPduInfo
                0x0000000020003100        0xc ./Core/Src/CanIf.o
                0x0000000020003100                CanIfPduInfo
 .bss.CanIf_Rx  0x000000002000310c        0x1 ./Core/Src/CanIf.o
                0x000000002000310c                CanIf_Rx
 *fill*         0x000000002000310d        0x3 
 .bss.CanTp_Callback
                0x0000000020003110        0x4 ./Core/Src/CanIf.o
                0x0000000020003110                CanTp_Callback
 .bss.CanNm_TxCallback
                0x0000000020003114        0x4 ./Core/Src/CanIf.o
                0x0000000020003114                CanNm_TxCallback
 .bss.CanNm_RxCallback
                0x0000000020003118        0x4 ./Core/Src/CanIf.o
                0x0000000020003118                CanNm_RxCallback
 .bss.Network_State
                0x000000002000311c        0x1 ./Core/Src/CanNm.o
                0x000000002000311c                Network_State
 .bss.NM_MSG_RecFlag
                0x000000002000311d        0x1 ./Core/Src/CanNm.o
                0x000000002000311d                NM_MSG_RecFlag
 .bss.NM_MSG_TranFlag
                0x000000002000311e        0x1 ./Core/Src/CanNm.o
                0x000000002000311e                NM_MSG_TranFlag
 .bss.Rep_MSG_Bit_State
                0x000000002000311f        0x1 ./Core/Src/CanNm.o
                0x000000002000311f                Rep_MSG_Bit_State
 .bss.Rep_MSG_State_Req
                0x0000000020003120        0x1 ./Core/Src/CanNm.o
                0x0000000020003120                Rep_MSG_State_Req
 .bss.SEND_REPEAT_MESSAGE
                0x0000000020003121        0x1 ./Core/Src/CanNm.o
                0x0000000020003121                SEND_REPEAT_MESSAGE
 *fill*         0x0000000020003122        0x2 
 .bss.GlobalTxPTF
                0x0000000020003124        0x4 ./Core/Src/CanNm.o
                0x0000000020003124                GlobalTxPTF
 .bss.numberOfConsecutiveFramesToSend
                0x0000000020003128        0x4 ./Core/Src/CanTp.o
                0x0000000020003128                numberOfConsecutiveFramesToSend
 .bss.numberOfConsecutiveFramesToReceive
                0x000000002000312c        0x4 ./Core/Src/CanTp.o
                0x000000002000312c                numberOfConsecutiveFramesToReceive
 .bss.numberOfRemainingBytesToSend
                0x0000000020003130        0x4 ./Core/Src/CanTp.o
                0x0000000020003130                numberOfRemainingBytesToSend
 .bss.numberOfRemainingBytesToReceive
                0x0000000020003134        0x4 ./Core/Src/CanTp.o
                0x0000000020003134                numberOfRemainingBytesToReceive
 .bss.App_Callback
                0x0000000020003138        0x4 ./Core/Src/CanTp.o
                0x0000000020003138                App_Callback
 .bss.expectedFrameState
                0x000000002000313c        0x1 ./Core/Src/CanTp.o
                0x000000002000313c                expectedFrameState
 *fill*         0x000000002000313d        0x3 
 .bss.EncodedPduInfo
                0x0000000020003140        0xc ./Core/Src/CanTp.o
                0x0000000020003140                EncodedPduInfo
 .bss.DecodedPduInfo
                0x000000002000314c        0xc ./Core/Src/CanTp.o
                0x000000002000314c                DecodedPduInfo
 .bss.CompletePduInfo
                0x0000000020003158     0x1004 ./Core/Src/CanTp.o
                0x0000000020003158                CompletePduInfo
 .bss.GlobalRxPduInfoPtr
                0x000000002000415c        0x4 ./Core/Src/CanTp.o
                0x000000002000415c                GlobalRxPduInfoPtr
 .bss.GlobalTxPduInfoPtr
                0x0000000020004160        0x4 ./Core/Src/CanTp.o
                0x0000000020004160                GlobalTxPduInfoPtr
 .bss.ConsecSN  0x0000000020004164        0x1 ./Core/Src/CanTp.o
                0x0000000020004164                ConsecSN
 *fill*         0x0000000020004165        0x1 
 .bss.currentIndex
                0x0000000020004166        0x2 ./Core/Src/CanTp.o
                0x0000000020004166                currentIndex
 .bss.startOffset
                0x0000000020004168        0x4 ./Core/Src/CanTp.o
                0x0000000020004168                startOffset
 .bss.CanTp_Rx  0x000000002000416c        0x1 ./Core/Src/CanTp.o
                0x000000002000416c                CanTp_Rx
 .bss.CanTp_Tx  0x000000002000416d        0x1 ./Core/Src/CanTp.o
                0x000000002000416d                CanTp_Tx
 *fill*         0x000000002000416e        0x2 
 .bss.GlobalRxPduId
                0x0000000020004170        0x4 ./Core/Src/CanTp.o
                0x0000000020004170                GlobalRxPduId
 .bss.GlobalTxPduId
                0x0000000020004174        0x4 ./Core/Src/CanTp.o
                0x0000000020004174                GlobalTxPduId
 .bss.hcan1     0x0000000020004178       0x28 ./Core/Src/can.o
                0x0000000020004178                hcan1
 .bss.defaultTaskHandle
                0x00000000200041a0        0x4 ./Core/Src/freertos.o
                0x00000000200041a0                defaultTaskHandle
 .bss.xIdleTaskTCBBuffer
                0x00000000200041a4       0xa0 ./Core/Src/freertos.o
 .bss.xIdleStack
                0x0000000020004244      0x200 ./Core/Src/freertos.o
 .bss.xTaskHandle1
                0x0000000020004444        0x4 ./Core/Src/main.o
                0x0000000020004444                xTaskHandle1
 .bss.xTaskHandle2
                0x0000000020004448        0x4 ./Core/Src/main.o
                0x0000000020004448                xTaskHandle2
 .bss.xTaskHandle4
                0x000000002000444c        0x4 ./Core/Src/main.o
                0x000000002000444c                xTaskHandle4
 .bss.count     0x0000000020004450        0x1 ./Core/Src/main.o
                0x0000000020004450                count
 .bss.count3    0x0000000020004451        0x1 ./Core/Src/main.o
                0x0000000020004451                count3
 .bss.count4    0x0000000020004452        0x1 ./Core/Src/main.o
                0x0000000020004452                count4
 .bss.count7    0x0000000020004453        0x1 ./Core/Src/main.o
                0x0000000020004453                count7
 .bss.count2    0x0000000020004454        0x1 ./Core/Src/main.o
                0x0000000020004454                count2
 *fill*         0x0000000020004455        0x3 
 .bss.htim1     0x0000000020004458       0x48 ./Core/Src/stm32f4xx_hal_timebase_tim.o
                0x0000000020004458                htim1
 .bss.htim2     0x00000000200044a0       0x48 ./Core/Src/tim.o
                0x00000000200044a0                htim2
 .bss.htim3     0x00000000200044e8       0x48 ./Core/Src/tim.o
                0x00000000200044e8                htim3
 .bss.htim4     0x0000000020004530       0x48 ./Core/Src/tim.o
                0x0000000020004530                htim4
 .bss.htim6     0x0000000020004578       0x48 ./Core/Src/tim.o
                0x0000000020004578                htim6
 .bss.htim7     0x00000000200045c0       0x48 ./Core/Src/tim.o
                0x00000000200045c0                htim7
 .bss.huart2    0x0000000020004608       0x44 ./Core/Src/usart.o
                0x0000000020004608                huart2
 .bss.uwTick    0x000000002000464c        0x4 ./Drivers/STM32F4xx_HAL_Driver/Src/stm32f4xx_hal.o
                0x000000002000464c                uwTick
 .bss.pxCurrentTCB
                0x0000000020004650        0x4 ./Middlewares/Third_Party/FreeRTOS/Source/tasks.o
                0x0000000020004650                pxCurrentTCB
 .bss.pxReadyTasksLists
                0x0000000020004654       0x8c ./Middlewares/Third_Party/FreeRTOS/Source/tasks.o
 .bss.xDelayedTaskList1
                0x00000000200046e0       0x14 ./Middlewares/Third_Party/FreeRTOS/Source/tasks.o
 .bss.xDelayedTaskList2
                0x00000000200046f4       0x14 ./Middlewares/Third_Party/FreeRTOS/Source/tasks.o
 .bss.pxDelayedTaskList
                0x0000000020004708        0x4 ./Middlewares/Third_Party/FreeRTOS/Source/tasks.o
 .bss.pxOverflowDelayedTaskList
                0x000000002000470c        0x4 ./Middlewares/Third_Party/FreeRTOS/Source/tasks.o
 .bss.xPendingReadyList
                0x0000000020004710       0x14 ./Middlewares/Third_Party/FreeRTOS/Source/tasks.o
 .bss.xTasksWaitingTermination
                0x0000000020004724       0x14 ./Middlewares/Third_Party/FreeRTOS/Source/tasks.o
 .bss.uxDeletedTasksWaitingCleanUp
                0x0000000020004738        0x4 ./Middlewares/Third_Party/FreeRTOS/Source/tasks.o
 .bss.xSuspendedTaskList
                0x000000002000473c       0x14 ./Middlewares/Third_Party/FreeRTOS/Source/tasks.o
 .bss.uxCurrentNumberOfTasks
                0x0000000020004750        0x4 ./Middlewares/Third_Party/FreeRTOS/Source/tasks.o
 .bss.xTickCount
                0x0000000020004754        0x4 ./Middlewares/Third_Party/FreeRTOS/Source/tasks.o
 .bss.uxTopReadyPriority
                0x0000000020004758        0x4 ./Middlewares/Third_Party/FreeRTOS/Source/tasks.o
 .bss.xSchedulerRunning
                0x000000002000475c        0x4 ./Middlewares/Third_Party/FreeRTOS/Source/tasks.o
 .bss.xPendedTicks
                0x0000000020004760        0x4 ./Middlewares/Third_Party/FreeRTOS/Source/tasks.o
 .bss.xYieldPending
                0x0000000020004764        0x4 ./Middlewares/Third_Party/FreeRTOS/Source/tasks.o
 .bss.xNumOfOverflows
                0x0000000020004768        0x4 ./Middlewares/Third_Party/FreeRTOS/Source/tasks.o
 .bss.uxTaskNumber
                0x000000002000476c        0x4 ./Middlewares/Third_Party/FreeRTOS/Source/tasks.o
 .bss.xNextTaskUnblockTime
                0x0000000020004770        0x4 ./Middlewares/Third_Party/FreeRTOS/Source/tasks.o
 .bss.xIdleTaskHandle
                0x0000000020004774        0x4 ./Middlewares/Third_Party/FreeRTOS/Source/tasks.o
 .bss.uxSchedulerSuspended
                0x0000000020004778        0x4 ./Middlewares/Third_Party/FreeRTOS/Source/tasks.o
 .bss.ucMaxSysCallPriority
                0x000000002000477c        0x1 ./Middlewares/Third_Party/FreeRTOS/Source/portable/GCC/ARM_CM4F/port.o
 *fill*         0x000000002000477d        0x3 
 .bss.ulMaxPRIGROUPValue
                0x0000000020004780        0x4 ./Middlewares/Third_Party/FreeRTOS/Source/portable/GCC/ARM_CM4F/port.o
 .bss.ucHeap    0x0000000020004784     0x3c00 ./Middlewares/Third_Party/FreeRTOS/Source/portable/MemMang/heap_4.o
 .bss.xStart    0x0000000020008384        0x8 ./Middlewares/Third_Party/FreeRTOS/Source/portable/MemMang/heap_4.o
 .bss.pxEnd     0x000000002000838c        0x4 ./Middlewares/Third_Party/FreeRTOS/Source/portable/MemMang/heap_4.o
 .bss.xFreeBytesRemaining
                0x0000000020008390        0x4 ./Middlewares/Third_Party/FreeRTOS/Source/portable/MemMang/heap_4.o
 .bss.xMinimumEverFreeBytesRemaining
                0x0000000020008394        0x4 ./Middlewares/Third_Party/FreeRTOS/Source/portable/MemMang/heap_4.o
 .bss.xNumberOfSuccessfulAllocations
                0x0000000020008398        0x4 ./Middlewares/Third_Party/FreeRTOS/Source/portable/MemMang/heap_4.o
 .bss.xNumberOfSuccessfulFrees
                0x000000002000839c        0x4 ./Middlewares/Third_Party/FreeRTOS/Source/portable/MemMang/heap_4.o
 .bss.xBlockAllocatedBit
                0x00000000200083a0        0x4 ./Middlewares/Third_Party/FreeRTOS/Source/portable/MemMang/heap_4.o
 .bss.__sf      0x00000000200083a4      0x138 C:/ST/STM32CubeIDE_1.13.2/STM32CubeIDE/plugins/com.st.stm32cube.ide.mcu.externaltools.gnu-tools-for-stm32.11.3.rel1.win32_1.1.1.202309131626/tools/bin/../lib/gcc/arm-none-eabi/11.3.1/../../../../arm-none-eabi/lib/thumb/v7e-m+fp/hard\libc_nano.a(libc_a-findfp.o)
                0x00000000200083a4                __sf
 .bss.__lock___malloc_recursive_mutex
                0x00000000200084dc        0x1 C:/ST/STM32CubeIDE_1.13.2/STM32CubeIDE/plugins/com.st.stm32cube.ide.mcu.externaltools.gnu-tools-for-stm32.11.3.rel1.win32_1.1.1.202309131626/tools/bin/../lib/gcc/arm-none-eabi/11.3.1/../../../../arm-none-eabi/lib/thumb/v7e-m+fp/hard\libc_nano.a(libc_a-lock.o)
                0x00000000200084dc                __lock___malloc_recursive_mutex
 *fill*         0x00000000200084dd        0x3 
 .bss.__malloc_free_list
                0x00000000200084e0        0x4 C:/ST/STM32CubeIDE_1.13.2/STM32CubeIDE/plugins/com.st.stm32cube.ide.mcu.externaltools.gnu-tools-for-stm32.11.3.rel1.win32_1.1.1.202309131626/tools/bin/../lib/gcc/arm-none-eabi/11.3.1/../../../../arm-none-eabi/lib/thumb/v7e-m+fp/hard\libc_nano.a(libc_a-mallocr.o)
                0x00000000200084e0                __malloc_free_list
 *(COMMON)
                0x00000000200084e4                . = ALIGN (0x4)
                0x00000000200084e4                _ebss = .
                0x00000000200084e4                __bss_end__ = _ebss

._user_heap_stack
                0x00000000200084e4      0x604 load address 0x0000000008007cdc
                0x00000000200084e8                . = ALIGN (0x8)
 *fill*         0x00000000200084e4        0x4 
                [!provide]                        PROVIDE (end = .)
                0x00000000200084e8                PROVIDE (_end = .)
                0x00000000200086e8                . = (. + _Min_Heap_Size)
 *fill*         0x00000000200084e8      0x200 
                0x0000000020008ae8                . = (. + _Min_Stack_Size)
 *fill*         0x00000000200086e8      0x400 
                0x0000000020008ae8                . = ALIGN (0x8)

/DISCARD/
 libc.a(*)
 libm.a(*)
 libgcc.a(*)

.ARM.attributes
                0x0000000000000000       0x30
 *(.ARM.attributes)
 .ARM.attributes
                0x0000000000000000       0x1e C:/ST/STM32CubeIDE_1.13.2/STM32CubeIDE/plugins/com.st.stm32cube.ide.mcu.externaltools.gnu-tools-for-stm32.11.3.rel1.win32_1.1.1.202309131626/tools/bin/../lib/gcc/arm-none-eabi/11.3.1/thumb/v7e-m+fp/hard/crti.o
 .ARM.attributes
                0x000000000000001e       0x34 C:/ST/STM32CubeIDE_1.13.2/STM32CubeIDE/plugins/com.st.stm32cube.ide.mcu.externaltools.gnu-tools-for-stm32.11.3.rel1.win32_1.1.1.202309131626/tools/bin/../lib/gcc/arm-none-eabi/11.3.1/thumb/v7e-m+fp/hard/crtbegin.o
 .ARM.attributes
                0x0000000000000052       0x34 ./Core/Src/APP_UDS_Diag.o
 .ARM.attributes
                0x0000000000000086       0x34 ./Core/Src/CanIf.o
 .ARM.attributes
                0x00000000000000ba       0x34 ./Core/Src/CanNm.o
 .ARM.attributes
                0x00000000000000ee       0x34 ./Core/Src/CanTp.o
 .ARM.attributes
                0x0000000000000122       0x34 ./Core/Src/can.o
 .ARM.attributes
                0x0000000000000156       0x34 ./Core/Src/freertos.o
 .ARM.attributes
                0x000000000000018a       0x34 ./Core/Src/gpio.o
 .ARM.attributes
                0x00000000000001be       0x34 ./Core/Src/main.o
 .ARM.attributes
                0x00000000000001f2       0x34 ./Core/Src/stm32f4xx_hal_msp.o
 .ARM.attributes
                0x0000000000000226       0x34 ./Core/Src/stm32f4xx_hal_timebase_tim.o
 .ARM.attributes
                0x000000000000025a       0x34 ./Core/Src/stm32f4xx_it.o
 .ARM.attributes
                0x000000000000028e       0x34 ./Core/Src/system_stm32f4xx.o
 .ARM.attributes
                0x00000000000002c2       0x34 ./Core/Src/tim.o
 .ARM.attributes
                0x00000000000002f6       0x34 ./Core/Src/usart.o
 .ARM.attributes
                0x000000000000032a       0x21 ./Core/Startup/startup_stm32f446retx.o
 .ARM.attributes
                0x000000000000034b       0x34 ./Drivers/STM32F4xx_HAL_Driver/Src/stm32f4xx_hal.o
 .ARM.attributes
                0x000000000000037f       0x34 ./Drivers/STM32F4xx_HAL_Driver/Src/stm32f4xx_hal_can.o
 .ARM.attributes
                0x00000000000003b3       0x34 ./Drivers/STM32F4xx_HAL_Driver/Src/stm32f4xx_hal_cortex.o
 .ARM.attributes
                0x00000000000003e7       0x34 ./Drivers/STM32F4xx_HAL_Driver/Src/stm32f4xx_hal_dma.o
 .ARM.attributes
                0x000000000000041b       0x34 ./Drivers/STM32F4xx_HAL_Driver/Src/stm32f4xx_hal_gpio.o
 .ARM.attributes
                0x000000000000044f       0x34 ./Drivers/STM32F4xx_HAL_Driver/Src/stm32f4xx_hal_rcc.o
 .ARM.attributes
                0x0000000000000483       0x34 ./Drivers/STM32F4xx_HAL_Driver/Src/stm32f4xx_hal_rcc_ex.o
 .ARM.attributes
                0x00000000000004b7       0x34 ./Drivers/STM32F4xx_HAL_Driver/Src/stm32f4xx_hal_tim.o
 .ARM.attributes
                0x00000000000004eb       0x34 ./Drivers/STM32F4xx_HAL_Driver/Src/stm32f4xx_hal_tim_ex.o
 .ARM.attributes
                0x000000000000051f       0x34 ./Drivers/STM32F4xx_HAL_Driver/Src/stm32f4xx_hal_uart.o
 .ARM.attributes
                0x0000000000000553       0x34 ./Middlewares/Third_Party/FreeRTOS/Source/CMSIS_RTOS/cmsis_os.o
 .ARM.attributes
                0x0000000000000587       0x34 ./Middlewares/Third_Party/FreeRTOS/Source/list.o
 .ARM.attributes
                0x00000000000005bb       0x34 ./Middlewares/Third_Party/FreeRTOS/Source/tasks.o
 .ARM.attributes
                0x00000000000005ef       0x34 ./Middlewares/Third_Party/FreeRTOS/Source/portable/GCC/ARM_CM4F/port.o
 .ARM.attributes
                0x0000000000000623       0x34 ./Middlewares/Third_Party/FreeRTOS/Source/portable/MemMang/heap_4.o
 .ARM.attributes
                0x0000000000000657       0x34 C:/ST/STM32CubeIDE_1.13.2/STM32CubeIDE/plugins/com.st.stm32cube.ide.mcu.externaltools.gnu-tools-for-stm32.11.3.rel1.win32_1.1.1.202309131626/tools/bin/../lib/gcc/arm-none-eabi/11.3.1/../../../../arm-none-eabi/lib/thumb/v7e-m+fp/hard\libc_nano.a(libc_a-findfp.o)
 .ARM.attributes
                0x000000000000068b       0x34 C:/ST/STM32CubeIDE_1.13.2/STM32CubeIDE/plugins/com.st.stm32cube.ide.mcu.externaltools.gnu-tools-for-stm32.11.3.rel1.win32_1.1.1.202309131626/tools/bin/../lib/gcc/arm-none-eabi/11.3.1/../../../../arm-none-eabi/lib/thumb/v7e-m+fp/hard\libc_nano.a(libc_a-memset.o)
 .ARM.attributes
                0x00000000000006bf       0x34 C:/ST/STM32CubeIDE_1.13.2/STM32CubeIDE/plugins/com.st.stm32cube.ide.mcu.externaltools.gnu-tools-for-stm32.11.3.rel1.win32_1.1.1.202309131626/tools/bin/../lib/gcc/arm-none-eabi/11.3.1/../../../../arm-none-eabi/lib/thumb/v7e-m+fp/hard\libc_nano.a(libc_a-reent.o)
 .ARM.attributes
                0x00000000000006f3       0x34 C:/ST/STM32CubeIDE_1.13.2/STM32CubeIDE/plugins/com.st.stm32cube.ide.mcu.externaltools.gnu-tools-for-stm32.11.3.rel1.win32_1.1.1.202309131626/tools/bin/../lib/gcc/arm-none-eabi/11.3.1/../../../../arm-none-eabi/lib/thumb/v7e-m+fp/hard\libc_nano.a(libc_a-impure.o)
 .ARM.attributes
                0x0000000000000727       0x34 C:/ST/STM32CubeIDE_1.13.2/STM32CubeIDE/plugins/com.st.stm32cube.ide.mcu.externaltools.gnu-tools-for-stm32.11.3.rel1.win32_1.1.1.202309131626/tools/bin/../lib/gcc/arm-none-eabi/11.3.1/../../../../arm-none-eabi/lib/thumb/v7e-m+fp/hard\libc_nano.a(libc_a-init.o)
 .ARM.attributes
                0x000000000000075b       0x34 C:/ST/STM32CubeIDE_1.13.2/STM32CubeIDE/plugins/com.st.stm32cube.ide.mcu.externaltools.gnu-tools-for-stm32.11.3.rel1.win32_1.1.1.202309131626/tools/bin/../lib/gcc/arm-none-eabi/11.3.1/../../../../arm-none-eabi/lib/thumb/v7e-m+fp/hard\libc_nano.a(libc_a-lock.o)
 .ARM.attributes
                0x000000000000078f       0x34 C:/ST/STM32CubeIDE_1.13.2/STM32CubeIDE/plugins/com.st.stm32cube.ide.mcu.externaltools.gnu-tools-for-stm32.11.3.rel1.win32_1.1.1.202309131626/tools/bin/../lib/gcc/arm-none-eabi/11.3.1/../../../../arm-none-eabi/lib/thumb/v7e-m+fp/hard\libc_nano.a(libc_a-freer.o)
 .ARM.attributes
                0x00000000000007c3       0x34 C:/ST/STM32CubeIDE_1.13.2/STM32CubeIDE/plugins/com.st.stm32cube.ide.mcu.externaltools.gnu-tools-for-stm32.11.3.rel1.win32_1.1.1.202309131626/tools/bin/../lib/gcc/arm-none-eabi/11.3.1/../../../../arm-none-eabi/lib/thumb/v7e-m+fp/hard\libc_nano.a(libc_a-mallocr.o)
 .ARM.attributes
                0x00000000000007f7       0x34 C:/ST/STM32CubeIDE_1.13.2/STM32CubeIDE/plugins/com.st.stm32cube.ide.mcu.externaltools.gnu-tools-for-stm32.11.3.rel1.win32_1.1.1.202309131626/tools/bin/../lib/gcc/arm-none-eabi/11.3.1/../../../../arm-none-eabi/lib/thumb/v7e-m+fp/hard\libc_nano.a(libc_a-mlock.o)
 .ARM.attributes
                0x000000000000082b       0x1e C:/ST/STM32CubeIDE_1.13.2/STM32CubeIDE/plugins/com.st.stm32cube.ide.mcu.externaltools.gnu-tools-for-stm32.11.3.rel1.win32_1.1.1.202309131626/tools/bin/../lib/gcc/arm-none-eabi/11.3.1/thumb/v7e-m+fp/hard\libgcc.a(_aeabi_uldivmod.o)
 .ARM.attributes
                0x0000000000000849       0x34 C:/ST/STM32CubeIDE_1.13.2/STM32CubeIDE/plugins/com.st.stm32cube.ide.mcu.externaltools.gnu-tools-for-stm32.11.3.rel1.win32_1.1.1.202309131626/tools/bin/../lib/gcc/arm-none-eabi/11.3.1/thumb/v7e-m+fp/hard\libgcc.a(_udivmoddi4.o)
 .ARM.attributes
                0x000000000000087d       0x1e C:/ST/STM32CubeIDE_1.13.2/STM32CubeIDE/plugins/com.st.stm32cube.ide.mcu.externaltools.gnu-tools-for-stm32.11.3.rel1.win32_1.1.1.202309131626/tools/bin/../lib/gcc/arm-none-eabi/11.3.1/thumb/v7e-m+fp/hard\libgcc.a(_dvmd_tls.o)
 .ARM.attributes
                0x000000000000089b       0x1e C:/ST/STM32CubeIDE_1.13.2/STM32CubeIDE/plugins/com.st.stm32cube.ide.mcu.externaltools.gnu-tools-for-stm32.11.3.rel1.win32_1.1.1.202309131626/tools/bin/../lib/gcc/arm-none-eabi/11.3.1/thumb/v7e-m+fp/hard/crtn.o
OUTPUT(ONE_TO_ONE_CONVERSATION.elf elf32-littlearm)
LOAD linker stubs
LOAD C:/ST/STM32CubeIDE_1.13.2/STM32CubeIDE/plugins/com.st.stm32cube.ide.mcu.externaltools.gnu-tools-for-stm32.11.3.rel1.win32_1.1.1.202309131626/tools/bin/../lib/gcc/arm-none-eabi/11.3.1/../../../../arm-none-eabi/lib/thumb/v7e-m+fp/hard\libc.a
LOAD C:/ST/STM32CubeIDE_1.13.2/STM32CubeIDE/plugins/com.st.stm32cube.ide.mcu.externaltools.gnu-tools-for-stm32.11.3.rel1.win32_1.1.1.202309131626/tools/bin/../lib/gcc/arm-none-eabi/11.3.1/../../../../arm-none-eabi/lib/thumb/v7e-m+fp/hard\libm.a
LOAD C:/ST/STM32CubeIDE_1.13.2/STM32CubeIDE/plugins/com.st.stm32cube.ide.mcu.externaltools.gnu-tools-for-stm32.11.3.rel1.win32_1.1.1.202309131626/tools/bin/../lib/gcc/arm-none-eabi/11.3.1/thumb/v7e-m+fp/hard\libgcc.a

.comment        0x0000000000000000       0x43
 .comment       0x0000000000000000       0x43 C:/ST/STM32CubeIDE_1.13.2/STM32CubeIDE/plugins/com.st.stm32cube.ide.mcu.externaltools.gnu-tools-for-stm32.11.3.rel1.win32_1.1.1.202309131626/tools/bin/../lib/gcc/arm-none-eabi/11.3.1/thumb/v7e-m+fp/hard/crtbegin.o
                                         0x44 (size before relaxing)
 .comment       0x0000000000000043       0x44 ./Core/Src/APP_UDS_Diag.o
 .comment       0x0000000000000043       0x44 ./Core/Src/CanIf.o
 .comment       0x0000000000000043       0x44 ./Core/Src/CanNm.o
 .comment       0x0000000000000043       0x44 ./Core/Src/CanTp.o
 .comment       0x0000000000000043       0x44 ./Core/Src/can.o
 .comment       0x0000000000000043       0x44 ./Core/Src/freertos.o
 .comment       0x0000000000000043       0x44 ./Core/Src/gpio.o
 .comment       0x0000000000000043       0x44 ./Core/Src/main.o
 .comment       0x0000000000000043       0x44 ./Core/Src/stm32f4xx_hal_msp.o
 .comment       0x0000000000000043       0x44 ./Core/Src/stm32f4xx_hal_timebase_tim.o
 .comment       0x0000000000000043       0x44 ./Core/Src/stm32f4xx_it.o
 .comment       0x0000000000000043       0x44 ./Core/Src/system_stm32f4xx.o
 .comment       0x0000000000000043       0x44 ./Core/Src/tim.o
 .comment       0x0000000000000043       0x44 ./Core/Src/usart.o
 .comment       0x0000000000000043       0x44 ./Drivers/STM32F4xx_HAL_Driver/Src/stm32f4xx_hal.o
 .comment       0x0000000000000043       0x44 ./Drivers/STM32F4xx_HAL_Driver/Src/stm32f4xx_hal_can.o
 .comment       0x0000000000000043       0x44 ./Drivers/STM32F4xx_HAL_Driver/Src/stm32f4xx_hal_cortex.o
 .comment       0x0000000000000043       0x44 ./Drivers/STM32F4xx_HAL_Driver/Src/stm32f4xx_hal_dma.o
 .comment       0x0000000000000043       0x44 ./Drivers/STM32F4xx_HAL_Driver/Src/stm32f4xx_hal_gpio.o
 .comment       0x0000000000000043       0x44 ./Drivers/STM32F4xx_HAL_Driver/Src/stm32f4xx_hal_rcc.o
 .comment       0x0000000000000043       0x44 ./Drivers/STM32F4xx_HAL_Driver/Src/stm32f4xx_hal_rcc_ex.o
 .comment       0x0000000000000043       0x44 ./Drivers/STM32F4xx_HAL_Driver/Src/stm32f4xx_hal_tim.o
 .comment       0x0000000000000043       0x44 ./Drivers/STM32F4xx_HAL_Driver/Src/stm32f4xx_hal_tim_ex.o
 .comment       0x0000000000000043       0x44 ./Drivers/STM32F4xx_HAL_Driver/Src/stm32f4xx_hal_uart.o
 .comment       0x0000000000000043       0x44 ./Middlewares/Third_Party/FreeRTOS/Source/CMSIS_RTOS/cmsis_os.o
 .comment       0x0000000000000043       0x44 ./Middlewares/Third_Party/FreeRTOS/Source/list.o
 .comment       0x0000000000000043       0x44 ./Middlewares/Third_Party/FreeRTOS/Source/tasks.o
 .comment       0x0000000000000043       0x44 ./Middlewares/Third_Party/FreeRTOS/Source/portable/GCC/ARM_CM4F/port.o
 .comment       0x0000000000000043       0x44 ./Middlewares/Third_Party/FreeRTOS/Source/portable/MemMang/heap_4.o

.debug_info     0x0000000000000000    0x1a781
 .debug_info    0x0000000000000000     0x13f4 ./Core/Src/APP_UDS_Diag.o
 .debug_info    0x00000000000013f4      0x828 ./Core/Src/CanIf.o
 .debug_info    0x0000000000001c1c      0xc6f ./Core/Src/CanNm.o
 .debug_info    0x000000000000288b      0x808 ./Core/Src/CanTp.o
 .debug_info    0x0000000000003093      0xbea ./Core/Src/can.o
 .debug_info    0x0000000000003c7d      0xb41 ./Core/Src/freertos.o
 .debug_info    0x00000000000047be      0x6b0 ./Core/Src/gpio.o
 .debug_info    0x0000000000004e6e     0x1343 ./Core/Src/main.o
 .debug_info    0x00000000000061b1      0x505 ./Core/Src/stm32f4xx_hal_msp.o
 .debug_info    0x00000000000066b6      0xc36 ./Core/Src/stm32f4xx_hal_timebase_tim.o
 .debug_info    0x00000000000072ec      0xde7 ./Core/Src/stm32f4xx_it.o
 .debug_info    0x00000000000080d3      0x54a ./Core/Src/system_stm32f4xx.o
 .debug_info    0x000000000000861d      0xdc1 ./Core/Src/tim.o
 .debug_info    0x00000000000093de      0xbbd ./Core/Src/usart.o
 .debug_info    0x0000000000009f9b       0x23 ./Core/Startup/startup_stm32f446retx.o
 .debug_info    0x0000000000009fbe      0x99e ./Drivers/STM32F4xx_HAL_Driver/Src/stm32f4xx_hal.o
 .debug_info    0x000000000000a95c      0xefe ./Drivers/STM32F4xx_HAL_Driver/Src/stm32f4xx_hal_can.o
 .debug_info    0x000000000000b85a      0xd64 ./Drivers/STM32F4xx_HAL_Driver/Src/stm32f4xx_hal_cortex.o
 .debug_info    0x000000000000c5be      0x8e7 ./Drivers/STM32F4xx_HAL_Driver/Src/stm32f4xx_hal_dma.o
 .debug_info    0x000000000000cea5      0x70b ./Drivers/STM32F4xx_HAL_Driver/Src/stm32f4xx_hal_gpio.o
 .debug_info    0x000000000000d5b0      0x8ed ./Drivers/STM32F4xx_HAL_Driver/Src/stm32f4xx_hal_rcc.o
 .debug_info    0x000000000000de9d      0x956 ./Drivers/STM32F4xx_HAL_Driver/Src/stm32f4xx_hal_rcc_ex.o
 .debug_info    0x000000000000e7f3     0x2948 ./Drivers/STM32F4xx_HAL_Driver/Src/stm32f4xx_hal_tim.o
 .debug_info    0x000000000001113b     0x14ae ./Drivers/STM32F4xx_HAL_Driver/Src/stm32f4xx_hal_tim_ex.o
 .debug_info    0x00000000000125e9     0x2fb8 ./Drivers/STM32F4xx_HAL_Driver/Src/stm32f4xx_hal_uart.o
 .debug_info    0x00000000000155a1     0x21e1 ./Middlewares/Third_Party/FreeRTOS/Source/CMSIS_RTOS/cmsis_os.o
 .debug_info    0x0000000000017782      0x2af ./Middlewares/Third_Party/FreeRTOS/Source/list.o
 .debug_info    0x0000000000017a31     0x239d ./Middlewares/Third_Party/FreeRTOS/Source/tasks.o
 .debug_info    0x0000000000019dce      0x4de ./Middlewares/Third_Party/FreeRTOS/Source/portable/GCC/ARM_CM4F/port.o
 .debug_info    0x000000000001a2ac      0x4d5 ./Middlewares/Third_Party/FreeRTOS/Source/portable/MemMang/heap_4.o

.debug_abbrev   0x0000000000000000     0x439f
 .debug_abbrev  0x0000000000000000      0x3b6 ./Core/Src/APP_UDS_Diag.o
 .debug_abbrev  0x00000000000003b6      0x25c ./Core/Src/CanIf.o
 .debug_abbrev  0x0000000000000612      0x244 ./Core/Src/CanNm.o
 .debug_abbrev  0x0000000000000856      0x279 ./Core/Src/CanTp.o
 .debug_abbrev  0x0000000000000acf      0x232 ./Core/Src/can.o
 .debug_abbrev  0x0000000000000d01      0x1eb ./Core/Src/freertos.o
 .debug_abbrev  0x0000000000000eec      0x174 ./Core/Src/gpio.o
 .debug_abbrev  0x0000000000001060      0x2f8 ./Core/Src/main.o
 .debug_abbrev  0x0000000000001358      0x119 ./Core/Src/stm32f4xx_hal_msp.o
 .debug_abbrev  0x0000000000001471      0x1f4 ./Core/Src/stm32f4xx_hal_timebase_tim.o
 .debug_abbrev  0x0000000000001665      0x1fd ./Core/Src/stm32f4xx_it.o
 .debug_abbrev  0x0000000000001862      0x11a ./Core/Src/system_stm32f4xx.o
 .debug_abbrev  0x000000000000197c      0x23d ./Core/Src/tim.o
 .debug_abbrev  0x0000000000001bb9      0x218 ./Core/Src/usart.o
 .debug_abbrev  0x0000000000001dd1       0x12 ./Core/Startup/startup_stm32f446retx.o
 .debug_abbrev  0x0000000000001de3      0x213 ./Drivers/STM32F4xx_HAL_Driver/Src/stm32f4xx_hal.o
 .debug_abbrev  0x0000000000001ff6      0x23b ./Drivers/STM32F4xx_HAL_Driver/Src/stm32f4xx_hal_can.o
 .debug_abbrev  0x0000000000002231      0x327 ./Drivers/STM32F4xx_HAL_Driver/Src/stm32f4xx_hal_cortex.o
 .debug_abbrev  0x0000000000002558      0x264 ./Drivers/STM32F4xx_HAL_Driver/Src/stm32f4xx_hal_dma.o
 .debug_abbrev  0x00000000000027bc      0x1d4 ./Drivers/STM32F4xx_HAL_Driver/Src/stm32f4xx_hal_gpio.o
 .debug_abbrev  0x0000000000002990      0x2b6 ./Drivers/STM32F4xx_HAL_Driver/Src/stm32f4xx_hal_rcc.o
 .debug_abbrev  0x0000000000002c46      0x20a ./Drivers/STM32F4xx_HAL_Driver/Src/stm32f4xx_hal_rcc_ex.o
 .debug_abbrev  0x0000000000002e50      0x271 ./Drivers/STM32F4xx_HAL_Driver/Src/stm32f4xx_hal_tim.o
 .debug_abbrev  0x00000000000030c1      0x27c ./Drivers/STM32F4xx_HAL_Driver/Src/stm32f4xx_hal_tim_ex.o
 .debug_abbrev  0x000000000000333d      0x30e ./Drivers/STM32F4xx_HAL_Driver/Src/stm32f4xx_hal_uart.o
 .debug_abbrev  0x000000000000364b      0x416 ./Middlewares/Third_Party/FreeRTOS/Source/CMSIS_RTOS/cmsis_os.o
 .debug_abbrev  0x0000000000003a61       0xf5 ./Middlewares/Third_Party/FreeRTOS/Source/list.o
 .debug_abbrev  0x0000000000003b56      0x3d0 ./Middlewares/Third_Party/FreeRTOS/Source/tasks.o
 .debug_abbrev  0x0000000000003f26      0x25c ./Middlewares/Third_Party/FreeRTOS/Source/portable/GCC/ARM_CM4F/port.o
 .debug_abbrev  0x0000000000004182      0x21d ./Middlewares/Third_Party/FreeRTOS/Source/portable/MemMang/heap_4.o

.debug_aranges  0x0000000000000000     0x15a0
 .debug_aranges
                0x0000000000000000       0xe8 ./Core/Src/APP_UDS_Diag.o
 .debug_aranges