../Core/Src/APP_UDS_Diag.c:59:6:UDS_Init	4	static
../Core/Src/APP_UDS_Diag.c:66:6:UDS_Tester_Presenter_Client	8	static
../Core/Src/APP_UDS_Diag.c:105:6:UDS_Read_Data_Client	16	static
../Core/Src/APP_UDS_Diag.c:229:6:UDS_Write_Data_Client	16	static
../Core/Src/APP_UDS_Diag.c:380:6:UDS_Control_Session_Default	8	static
../Core/Src/APP_UDS_Diag.c:423:6:UDS_Control_Session_Extended	8	static
../Core/Src/APP_UDS_Diag.c:473:6:UDS_Send_Security_Client	16	static
../Core/Src/APP_UDS_Diag.c:677:6:sendHexArrayAsASCII	56	dynamic
../Core/Src/APP_UDS_Diag.c:699:6:UART_ReceiveAndConvert	128	dynamic
../Core/Src/APP_UDS_Diag.c:741:9:charToHex	16	static
../Core/Src/APP_UDS_Diag.c:757:6:UDS_Write_Data_Server	24	static
../Core/Src/APP_UDS_Diag.c:860:6:UDS_Send_Pos_Res	24	static
../Core/Src/APP_UDS_Diag.c:893:6:UDS_Send_Neg_Res	16	static
../Core/Src/APP_UDS_Diag.c:908:6:UDS_Tester_Presenter_Server	8	static
../Core/Src/APP_UDS_Diag.c:924:6:reset_timer	8	static
../Core/Src/APP_UDS_Diag.c:931:6:stop_timer	16	static
../Core/Src/APP_UDS_Diag.c:935:6:start_timer	8	static
../Core/Src/APP_UDS_Diag.c:941:6:UDS_Control_Session_Server	16	static
../Core/Src/APP_UDS_Diag.c:971:6:Sec_u32GetSeed	8	static
../Core/Src/APP_UDS_Diag.c:977:10:Sec_u32GetAlgorithm	4	static
../Core/Src/APP_UDS_Diag.c:982:10:Sec_u32GetKey	16	static
../Core/Src/APP_UDS_Diag.c:991:9:Sec_uint32SecurityAccess	32	static
../Core/Src/APP_UDS_Diag.c:1057:6:UDS_Read_Data_Server	24	static
../Core/Src/APP_UDS_Diag.c:1152:6:server_call_back	24	static
../Core/Src/APP_UDS_Diag.c:1349:6:UDS_MainFunction	8	static
../Core/Src/APP_UDS_Diag.c:1498:6:UDS_Client_Callback	16	static
