../Core/Src/CanTp.c:51:6:CanTp_Init	8	static
../Core/Src/CanTp.c:55:6:CanTp_MainFunction	16	static
../Core/Src/CanTp.c:178:16:CanTp_Transmit	16	static
../Core/Src/CanTp.c:185:16:CanTp_RxIndication	16	static
../Core/Src/CanTp.c:192:12:CanTp_GetFrameType	16	static
../Core/Src/CanTp.c:203:6:CanTp_setCallback	16	static
../Core/Src/CanTp.c:210:6:CanTp_encodeSingleFrame	24	static
../Core/Src/CanTp.c:239:6:CanTp_encodeFirstFrame	32	static
../Core/Src/CanTp.c:259:6:CanTp_encodeConsecutiveFrame	24	static
../Core/Src/CanTp.c:279:6:CanTp_encodeFlowControlFrame	24	static
../Core/Src/CanTp.c:301:6:CanTp_decodeSingleFrame	24	static
../Core/Src/CanTp.c:323:6:CanTp_decodeFirstFrame	24	static
../Core/Src/CanTp.c:335:6:CanTp_decodeConsecutiveFrame	24	static
../Core/Src/CanTp.c:348:6:CanTp_decodeFlowControlFrame	24	static
../Core/Src/CanTp.c:391:6:CanTp_ConnectData	24	static
